2026-04-20 13:54:07 [INFO ] Load generated SIDs from sleepedf.txt
2026-04-20 13:54:07 [INFO ] SIDs (20): [ 0  1  2  3  4  5  6  7  8  9 10 11 12 13 14 15 16 17 18 19]
2026-04-20 13:54:07 [INFO ] Train SIDs: (17) [ 2  3  4  5  7  8  9 10 11 12 13 14 15 16 17 18 19]
2026-04-20 13:54:07 [INFO ] Valid SIDs: (2) [1 6]
2026-04-20 13:54:07 [INFO ] Test SIDs: (1) [0]
2026-04-20 13:54:07 [INFO ] Training set (n_night_sleeps=0)
2026-04-20 14:55:31 [INFO ] Load generated SIDs from sleepedf.txt
2026-04-20 14:55:31 [INFO ] SIDs (20): [ 0  1  2  3  4  5  6  7  8  9 10 11 12 13 14 15 16 17 18 19]
2026-04-20 14:55:31 [INFO ] Train SIDs: (17) [ 2  3  4  5  7  8  9 10 11 12 13 14 15 16 17 18 19]
2026-04-20 14:55:31 [INFO ] Valid SIDs: (2) [1 6]
2026-04-20 14:55:31 [INFO ] Test SIDs: (1) [0]
2026-04-20 14:55:32 [INFO ] Training set (n_night_sleeps=33)
2026-04-20 14:55:32 [INFO ] (1025, 3000, 1, 1)
2026-04-20 14:55:32 [INFO ] (1009, 3000, 1, 1)
2026-04-20 14:55:32 [INFO ] (952, 3000, 1, 1)
2026-04-20 14:55:32 [INFO ] (911, 3000, 1, 1)
2026-04-20 14:55:32 [INFO ] (1235, 3000, 1, 1)
2026-04-20 14:55:32 [INFO ] (1200, 3000, 1, 1)
2026-04-20 14:55:32 [INFO ] (672, 3000, 1, 1)
2026-04-20 14:55:32 [INFO ] (1246, 3000, 1, 1)
2026-04-20 14:55:32 [INFO ] (976, 3000, 1, 1)
2026-04-20 14:55:32 [INFO ] (1273, 3000, 1, 1)
2026-04-20 14:55:32 [INFO ] (1134, 3000, 1, 1)
2026-04-20 14:55:32 [INFO ] (1054, 3000, 1, 1)
2026-04-20 14:55:32 [INFO ] (1132, 3000, 1, 1)
2026-04-20 14:55:32 [INFO ] (1207, 3000, 1, 1)
2026-04-20 14:55:32 [INFO ] (1104, 3000, 1, 1)
2026-04-20 14:55:32 [INFO ] (1092, 3000, 1, 1)
2026-04-20 14:55:32 [INFO ] (928, 3000, 1, 1)
2026-04-20 14:55:32 [INFO ] (802, 3000, 1, 1)
2026-04-20 14:55:32 [INFO ] (1783, 3000, 1, 1)
2026-04-20 14:55:32 [INFO ] (977, 3000, 1, 1)
2026-04-20 14:55:32 [INFO ] (1028, 3000, 1, 1)
2026-04-20 14:55:32 [INFO ] (1004, 3000, 1, 1)
2026-04-20 14:55:32 [INFO ] (952, 3000, 1, 1)
2026-04-20 14:55:32 [INFO ] (952, 3000, 1, 1)
2026-04-20 14:55:32 [INFO ] (1762, 3000, 1, 1)
2026-04-20 14:55:32 [INFO ] (1144, 3000, 1, 1)
2026-04-20 14:55:32 [INFO ] (1003, 3000, 1, 1)
2026-04-20 14:55:32 [INFO ] (1002, 3000, 1, 1)
2026-04-20 14:55:32 [INFO ] (1773, 3000, 1, 1)
2026-04-20 14:55:32 [INFO ] (964, 3000, 1, 1)
2026-04-20 14:55:32 [INFO ] (920, 3000, 1, 1)
2026-04-20 14:55:32 [INFO ] (1535, 3000, 1, 1)
2026-04-20 14:55:32 [INFO ] (1274, 3000, 1, 1)
2026-04-20 14:55:32 [INFO ] W: 8093
2026-04-20 14:55:32 [INFO ] N1: 2340
2026-04-20 14:55:32 [INFO ] N2: 15130
2026-04-20 14:55:32 [INFO ] N3: 4720
2026-04-20 14:55:32 [INFO ] REM: 6742
2026-04-20 14:55:32 [INFO ] Validation set (n_night_sleeps=4)
2026-04-20 14:55:32 [INFO ] (1103, 3000, 1, 1)
2026-04-20 14:55:32 [INFO ] (2265, 3000, 1, 1)
2026-04-20 14:55:32 [INFO ] (843, 3000, 1, 1)
2026-04-20 14:55:32 [INFO ] (1016, 3000, 1, 1)
2026-04-20 14:55:32 [INFO ] W: 1733
2026-04-20 14:55:32 [INFO ] N1: 347
2026-04-20 14:55:32 [INFO ] N2: 2046
2026-04-20 14:55:32 [INFO ] N3: 466
2026-04-20 14:55:32 [INFO ] REM: 635
2026-04-20 14:55:32 [INFO ] Test set (n_night_sleeps=2)
2026-04-20 14:55:32 [INFO ] (841, 3000, 1, 1)
2026-04-20 14:55:32 [INFO ] (1127, 3000, 1, 1)
2026-04-20 14:55:32 [INFO ] W: 371
2026-04-20 14:55:32 [INFO ] N1: 117
2026-04-20 14:55:32 [INFO ] N2: 623
2026-04-20 14:55:32 [INFO ] N3: 517
2026-04-20 14:55:32 [INFO ] REM: 340
2026-04-20 14:55:32 [INFO ]   Weighted cross entropy: True
2026-04-20 14:55:32 [INFO ]   Weighted cross entropy: [1.  1.5 1.  1.  1. ]
2026-04-20 14:55:32 [INFO ] using device 0
2026-04-20 14:55:33 [INFO ] Data Augmentation
2026-04-20 14:55:33 [INFO ]   Sequence: True
2026-04-20 14:55:33 [INFO ]   Signal full: True
2026-04-20 14:59:03 [INFO ] Load generated SIDs from sleepedf.txt
2026-04-20 14:59:03 [INFO ] SIDs (20): [ 0  1  2  3  4  5  6  7  8  9 10 11 12 13 14 15 16 17 18 19]
2026-04-20 14:59:03 [INFO ] Train SIDs: (17) [ 2  3  4  5  7  8  9 10 11 12 13 14 15 16 17 18 19]
2026-04-20 14:59:03 [INFO ] Valid SIDs: (2) [1 6]
2026-04-20 14:59:03 [INFO ] Test SIDs: (1) [0]
2026-04-20 14:59:04 [INFO ] Training set (n_night_sleeps=33)
2026-04-20 14:59:04 [INFO ] (1025, 3000, 1, 1)
2026-04-20 14:59:04 [INFO ] (1009, 3000, 1, 1)
2026-04-20 14:59:04 [INFO ] (952, 3000, 1, 1)
2026-04-20 14:59:04 [INFO ] (911, 3000, 1, 1)
2026-04-20 14:59:04 [INFO ] (1235, 3000, 1, 1)
2026-04-20 14:59:04 [INFO ] (1200, 3000, 1, 1)
2026-04-20 14:59:04 [INFO ] (672, 3000, 1, 1)
2026-04-20 14:59:04 [INFO ] (1246, 3000, 1, 1)
2026-04-20 14:59:04 [INFO ] (976, 3000, 1, 1)
2026-04-20 14:59:04 [INFO ] (1273, 3000, 1, 1)
2026-04-20 14:59:04 [INFO ] (1134, 3000, 1, 1)
2026-04-20 14:59:04 [INFO ] (1054, 3000, 1, 1)
2026-04-20 14:59:04 [INFO ] (1132, 3000, 1, 1)
2026-04-20 14:59:04 [INFO ] (1207, 3000, 1, 1)
2026-04-20 14:59:04 [INFO ] (1104, 3000, 1, 1)
2026-04-20 14:59:04 [INFO ] (1092, 3000, 1, 1)
2026-04-20 14:59:04 [INFO ] (928, 3000, 1, 1)
2026-04-20 14:59:04 [INFO ] (802, 3000, 1, 1)
2026-04-20 14:59:04 [INFO ] (1783, 3000, 1, 1)
2026-04-20 14:59:04 [INFO ] (977, 3000, 1, 1)
2026-04-20 14:59:04 [INFO ] (1028, 3000, 1, 1)
2026-04-20 14:59:04 [INFO ] (1004, 3000, 1, 1)
2026-04-20 14:59:04 [INFO ] (952, 3000, 1, 1)
2026-04-20 14:59:04 [INFO ] (952, 3000, 1, 1)
2026-04-20 14:59:04 [INFO ] (1762, 3000, 1, 1)
2026-04-20 14:59:04 [INFO ] (1144, 3000, 1, 1)
2026-04-20 14:59:04 [INFO ] (1003, 3000, 1, 1)
2026-04-20 14:59:04 [INFO ] (1002, 3000, 1, 1)
2026-04-20 14:59:04 [INFO ] (1773, 3000, 1, 1)
2026-04-20 14:59:04 [INFO ] (964, 3000, 1, 1)
2026-04-20 14:59:04 [INFO ] (920, 3000, 1, 1)
2026-04-20 14:59:04 [INFO ] (1535, 3000, 1, 1)
2026-04-20 14:59:04 [INFO ] (1274, 3000, 1, 1)
2026-04-20 14:59:04 [INFO ] W: 8093
2026-04-20 14:59:04 [INFO ] N1: 2340
2026-04-20 14:59:04 [INFO ] N2: 15130
2026-04-20 14:59:04 [INFO ] N3: 4720
2026-04-20 14:59:04 [INFO ] REM: 6742
2026-04-20 14:59:04 [INFO ] Validation set (n_night_sleeps=4)
2026-04-20 14:59:04 [INFO ] (1103, 3000, 1, 1)
2026-04-20 14:59:04 [INFO ] (2265, 3000, 1, 1)
2026-04-20 14:59:04 [INFO ] (843, 3000, 1, 1)
2026-04-20 14:59:04 [INFO ] (1016, 3000, 1, 1)
2026-04-20 14:59:04 [INFO ] W: 1733
2026-04-20 14:59:04 [INFO ] N1: 347
2026-04-20 14:59:04 [INFO ] N2: 2046
2026-04-20 14:59:04 [INFO ] N3: 466
2026-04-20 14:59:04 [INFO ] REM: 635
2026-04-20 14:59:04 [INFO ] Test set (n_night_sleeps=2)
2026-04-20 14:59:04 [INFO ] (841, 3000, 1, 1)
2026-04-20 14:59:04 [INFO ] (1127, 3000, 1, 1)
2026-04-20 14:59:04 [INFO ] W: 371
2026-04-20 14:59:04 [INFO ] N1: 117
2026-04-20 14:59:04 [INFO ] N2: 623
2026-04-20 14:59:04 [INFO ] N3: 517
2026-04-20 14:59:04 [INFO ] REM: 340
2026-04-20 14:59:04 [INFO ]   Weighted cross entropy: True
2026-04-20 14:59:04 [INFO ]   Weighted cross entropy: [1.  1.5 1.  1.  1. ]
2026-04-20 14:59:04 [INFO ] using device 0
2026-04-20 14:59:05 [INFO ] Data Augmentation
2026-04-20 14:59:05 [INFO ]   Sequence: True
2026-04-20 14:59:05 [INFO ]   Signal full: True
2026-04-20 15:01:20 [INFO ] Load generated SIDs from sleepedf.txt
2026-04-20 15:01:20 [INFO ] SIDs (20): [ 0  1  2  3  4  5  6  7  8  9 10 11 12 13 14 15 16 17 18 19]
2026-04-20 15:01:20 [INFO ] Train SIDs: (17) [ 2  3  4  5  7  8  9 10 11 12 13 14 15 16 17 18 19]
2026-04-20 15:01:20 [INFO ] Valid SIDs: (2) [1 6]
2026-04-20 15:01:20 [INFO ] Test SIDs: (1) [0]
2026-04-20 15:01:21 [INFO ] Training set (n_night_sleeps=33)
2026-04-20 15:01:21 [INFO ] (1025, 3000, 1, 1)
2026-04-20 15:01:21 [INFO ] (1009, 3000, 1, 1)
2026-04-20 15:01:21 [INFO ] (952, 3000, 1, 1)
2026-04-20 15:01:21 [INFO ] (911, 3000, 1, 1)
2026-04-20 15:01:21 [INFO ] (1235, 3000, 1, 1)
2026-04-20 15:01:21 [INFO ] (1200, 3000, 1, 1)
2026-04-20 15:01:21 [INFO ] (672, 3000, 1, 1)
2026-04-20 15:01:21 [INFO ] (1246, 3000, 1, 1)
2026-04-20 15:01:21 [INFO ] (976, 3000, 1, 1)
2026-04-20 15:01:21 [INFO ] (1273, 3000, 1, 1)
2026-04-20 15:01:21 [INFO ] (1134, 3000, 1, 1)
2026-04-20 15:01:21 [INFO ] (1054, 3000, 1, 1)
2026-04-20 15:01:21 [INFO ] (1132, 3000, 1, 1)
2026-04-20 15:01:21 [INFO ] (1207, 3000, 1, 1)
2026-04-20 15:01:21 [INFO ] (1104, 3000, 1, 1)
2026-04-20 15:01:21 [INFO ] (1092, 3000, 1, 1)
2026-04-20 15:01:21 [INFO ] (928, 3000, 1, 1)
2026-04-20 15:01:21 [INFO ] (802, 3000, 1, 1)
2026-04-20 15:01:21 [INFO ] (1783, 3000, 1, 1)
2026-04-20 15:01:21 [INFO ] (977, 3000, 1, 1)
2026-04-20 15:01:21 [INFO ] (1028, 3000, 1, 1)
2026-04-20 15:01:21 [INFO ] (1004, 3000, 1, 1)
2026-04-20 15:01:21 [INFO ] (952, 3000, 1, 1)
2026-04-20 15:01:21 [INFO ] (952, 3000, 1, 1)
2026-04-20 15:01:21 [INFO ] (1762, 3000, 1, 1)
2026-04-20 15:01:21 [INFO ] (1144, 3000, 1, 1)
2026-04-20 15:01:21 [INFO ] (1003, 3000, 1, 1)
2026-04-20 15:01:21 [INFO ] (1002, 3000, 1, 1)
2026-04-20 15:01:21 [INFO ] (1773, 3000, 1, 1)
2026-04-20 15:01:21 [INFO ] (964, 3000, 1, 1)
2026-04-20 15:01:21 [INFO ] (920, 3000, 1, 1)
2026-04-20 15:01:21 [INFO ] (1535, 3000, 1, 1)
2026-04-20 15:01:21 [INFO ] (1274, 3000, 1, 1)
2026-04-20 15:01:21 [INFO ] W: 8093
2026-04-20 15:01:21 [INFO ] N1: 2340
2026-04-20 15:01:21 [INFO ] N2: 15130
2026-04-20 15:01:21 [INFO ] N3: 4720
2026-04-20 15:01:21 [INFO ] REM: 6742
2026-04-20 15:01:21 [INFO ] Validation set (n_night_sleeps=4)
2026-04-20 15:01:21 [INFO ] (1103, 3000, 1, 1)
2026-04-20 15:01:21 [INFO ] (2265, 3000, 1, 1)
2026-04-20 15:01:21 [INFO ] (843, 3000, 1, 1)
2026-04-20 15:01:21 [INFO ] (1016, 3000, 1, 1)
2026-04-20 15:01:21 [INFO ] W: 1733
2026-04-20 15:01:21 [INFO ] N1: 347
2026-04-20 15:01:21 [INFO ] N2: 2046
2026-04-20 15:01:21 [INFO ] N3: 466
2026-04-20 15:01:21 [INFO ] REM: 635
2026-04-20 15:01:21 [INFO ] Test set (n_night_sleeps=2)
2026-04-20 15:01:21 [INFO ] (841, 3000, 1, 1)
2026-04-20 15:01:21 [INFO ] (1127, 3000, 1, 1)
2026-04-20 15:01:21 [INFO ] W: 371
2026-04-20 15:01:21 [INFO ] N1: 117
2026-04-20 15:01:21 [INFO ] N2: 623
2026-04-20 15:01:21 [INFO ] N3: 517
2026-04-20 15:01:21 [INFO ] REM: 340
2026-04-20 15:01:21 [INFO ]   Weighted cross entropy: True
2026-04-20 15:01:21 [INFO ]   Weighted cross entropy: [1.  1.5 1.  1.  1. ]
2026-04-20 15:01:21 [INFO ] using device 0
2026-04-20 15:01:22 [INFO ] Data Augmentation
2026-04-20 15:01:22 [INFO ]   Sequence: True
2026-04-20 15:01:22 [INFO ]   Signal full: True
2026-04-20 15:19:33 [INFO ] Load generated SIDs from sleepedf.txt
2026-04-20 15:19:33 [INFO ] SIDs (20): [ 0  1  2  3  4  5  6  7  8  9 10 11 12 13 14 15 16 17 18 19]
2026-04-20 15:19:33 [INFO ] Train SIDs: (17) [ 2  3  4  5  7  8  9 10 11 12 13 14 15 16 17 18 19]
2026-04-20 15:19:33 [INFO ] Valid SIDs: (2) [1 6]
2026-04-20 15:19:33 [INFO ] Test SIDs: (1) [0]
2026-04-20 15:19:33 [INFO ] Training set (n_night_sleeps=33)
2026-04-20 15:19:33 [INFO ] (1025, 3000, 1, 1)
2026-04-20 15:19:33 [INFO ] (1009, 3000, 1, 1)
2026-04-20 15:19:33 [INFO ] (952, 3000, 1, 1)
2026-04-20 15:19:33 [INFO ] (911, 3000, 1, 1)
2026-04-20 15:19:33 [INFO ] (1235, 3000, 1, 1)
2026-04-20 15:19:33 [INFO ] (1200, 3000, 1, 1)
2026-04-20 15:19:33 [INFO ] (672, 3000, 1, 1)
2026-04-20 15:19:33 [INFO ] (1246, 3000, 1, 1)
2026-04-20 15:19:33 [INFO ] (976, 3000, 1, 1)
2026-04-20 15:19:33 [INFO ] (1273, 3000, 1, 1)
2026-04-20 15:19:33 [INFO ] (1134, 3000, 1, 1)
2026-04-20 15:19:33 [INFO ] (1054, 3000, 1, 1)
2026-04-20 15:19:33 [INFO ] (1132, 3000, 1, 1)
2026-04-20 15:19:33 [INFO ] (1207, 3000, 1, 1)
2026-04-20 15:19:33 [INFO ] (1104, 3000, 1, 1)
2026-04-20 15:19:33 [INFO ] (1092, 3000, 1, 1)
2026-04-20 15:19:33 [INFO ] (928, 3000, 1, 1)
2026-04-20 15:19:33 [INFO ] (802, 3000, 1, 1)
2026-04-20 15:19:33 [INFO ] (1783, 3000, 1, 1)
2026-04-20 15:19:33 [INFO ] (977, 3000, 1, 1)
2026-04-20 15:19:33 [INFO ] (1028, 3000, 1, 1)
2026-04-20 15:19:33 [INFO ] (1004, 3000, 1, 1)
2026-04-20 15:19:33 [INFO ] (952, 3000, 1, 1)
2026-04-20 15:19:33 [INFO ] (952, 3000, 1, 1)
2026-04-20 15:19:33 [INFO ] (1762, 3000, 1, 1)
2026-04-20 15:19:33 [INFO ] (1144, 3000, 1, 1)
2026-04-20 15:19:33 [INFO ] (1003, 3000, 1, 1)
2026-04-20 15:19:33 [INFO ] (1002, 3000, 1, 1)
2026-04-20 15:19:33 [INFO ] (1773, 3000, 1, 1)
2026-04-20 15:19:33 [INFO ] (964, 3000, 1, 1)
2026-04-20 15:19:33 [INFO ] (920, 3000, 1, 1)
2026-04-20 15:19:33 [INFO ] (1535, 3000, 1, 1)
2026-04-20 15:19:33 [INFO ] (1274, 3000, 1, 1)
2026-04-20 15:19:33 [INFO ] W: 8093
2026-04-20 15:19:33 [INFO ] N1: 2340
2026-04-20 15:19:33 [INFO ] N2: 15130
2026-04-20 15:19:33 [INFO ] N3: 4720
2026-04-20 15:19:33 [INFO ] REM: 6742
2026-04-20 15:19:33 [INFO ] Validation set (n_night_sleeps=4)
2026-04-20 15:19:33 [INFO ] (1103, 3000, 1, 1)
2026-04-20 15:19:33 [INFO ] (2265, 3000, 1, 1)
2026-04-20 15:19:33 [INFO ] (843, 3000, 1, 1)
2026-04-20 15:19:33 [INFO ] (1016, 3000, 1, 1)
2026-04-20 15:19:33 [INFO ] W: 1733
2026-04-20 15:19:33 [INFO ] N1: 347
2026-04-20 15:19:33 [INFO ] N2: 2046
2026-04-20 15:19:33 [INFO ] N3: 466
2026-04-20 15:19:33 [INFO ] REM: 635
2026-04-20 15:19:33 [INFO ] Test set (n_night_sleeps=2)
2026-04-20 15:19:33 [INFO ] (841, 3000, 1, 1)
2026-04-20 15:19:33 [INFO ] (1127, 3000, 1, 1)
2026-04-20 15:19:33 [INFO ] W: 371
2026-04-20 15:19:33 [INFO ] N1: 117
2026-04-20 15:19:33 [INFO ] N2: 623
2026-04-20 15:19:33 [INFO ] N3: 517
2026-04-20 15:19:33 [INFO ] REM: 340
2026-04-20 15:19:33 [INFO ]   Weighted cross entropy: True
2026-04-20 15:19:33 [INFO ]   Weighted cross entropy: [1.  1.5 1.  1.  1. ]
2026-04-20 15:19:33 [INFO ] using device 0
2026-04-20 15:20:14 [INFO ] Data Augmentation
2026-04-20 15:20:14 [INFO ]   Sequence: True
2026-04-20 15:20:14 [INFO ]   Signal full: True
2026-04-20 15:23:05 [INFO ] Load generated SIDs from sleepedf.txt
2026-04-20 15:23:05 [INFO ] SIDs (20): [ 0  1  2  3  4  5  6  7  8  9 10 11 12 13 14 15 16 17 18 19]
2026-04-20 15:23:05 [INFO ] Train SIDs: (17) [ 2  3  4  5  7  8  9 10 11 12 13 14 15 16 17 18 19]
2026-04-20 15:23:05 [INFO ] Valid SIDs: (2) [1 6]
2026-04-20 15:23:05 [INFO ] Test SIDs: (1) [0]
2026-04-20 15:23:06 [INFO ] Training set (n_night_sleeps=33)
2026-04-20 15:23:06 [INFO ] (1025, 3000, 1, 1)
2026-04-20 15:23:06 [INFO ] (1009, 3000, 1, 1)
2026-04-20 15:23:06 [INFO ] (952, 3000, 1, 1)
2026-04-20 15:23:06 [INFO ] (911, 3000, 1, 1)
2026-04-20 15:23:06 [INFO ] (1235, 3000, 1, 1)
2026-04-20 15:23:06 [INFO ] (1200, 3000, 1, 1)
2026-04-20 15:23:06 [INFO ] (672, 3000, 1, 1)
2026-04-20 15:23:06 [INFO ] (1246, 3000, 1, 1)
2026-04-20 15:23:06 [INFO ] (976, 3000, 1, 1)
2026-04-20 15:23:06 [INFO ] (1273, 3000, 1, 1)
2026-04-20 15:23:06 [INFO ] (1134, 3000, 1, 1)
2026-04-20 15:23:06 [INFO ] (1054, 3000, 1, 1)
2026-04-20 15:23:06 [INFO ] (1132, 3000, 1, 1)
2026-04-20 15:23:06 [INFO ] (1207, 3000, 1, 1)
2026-04-20 15:23:06 [INFO ] (1104, 3000, 1, 1)
2026-04-20 15:23:06 [INFO ] (1092, 3000, 1, 1)
2026-04-20 15:23:06 [INFO ] (928, 3000, 1, 1)
2026-04-20 15:23:06 [INFO ] (802, 3000, 1, 1)
2026-04-20 15:23:06 [INFO ] (1783, 3000, 1, 1)
2026-04-20 15:23:06 [INFO ] (977, 3000, 1, 1)
2026-04-20 15:23:06 [INFO ] (1028, 3000, 1, 1)
2026-04-20 15:23:06 [INFO ] (1004, 3000, 1, 1)
2026-04-20 15:23:06 [INFO ] (952, 3000, 1, 1)
2026-04-20 15:23:06 [INFO ] (952, 3000, 1, 1)
2026-04-20 15:23:06 [INFO ] (1762, 3000, 1, 1)
2026-04-20 15:23:06 [INFO ] (1144, 3000, 1, 1)
2026-04-20 15:23:06 [INFO ] (1003, 3000, 1, 1)
2026-04-20 15:23:06 [INFO ] (1002, 3000, 1, 1)
2026-04-20 15:23:06 [INFO ] (1773, 3000, 1, 1)
2026-04-20 15:23:06 [INFO ] (964, 3000, 1, 1)
2026-04-20 15:23:06 [INFO ] (920, 3000, 1, 1)
2026-04-20 15:23:06 [INFO ] (1535, 3000, 1, 1)
2026-04-20 15:23:06 [INFO ] (1274, 3000, 1, 1)
2026-04-20 15:23:06 [INFO ] W: 8093
2026-04-20 15:23:06 [INFO ] N1: 2340
2026-04-20 15:23:06 [INFO ] N2: 15130
2026-04-20 15:23:06 [INFO ] N3: 4720
2026-04-20 15:23:06 [INFO ] REM: 6742
2026-04-20 15:23:06 [INFO ] Validation set (n_night_sleeps=4)
2026-04-20 15:23:06 [INFO ] (1103, 3000, 1, 1)
2026-04-20 15:23:06 [INFO ] (2265, 3000, 1, 1)
2026-04-20 15:23:06 [INFO ] (843, 3000, 1, 1)
2026-04-20 15:23:06 [INFO ] (1016, 3000, 1, 1)
2026-04-20 15:23:06 [INFO ] W: 1733
2026-04-20 15:23:06 [INFO ] N1: 347
2026-04-20 15:23:06 [INFO ] N2: 2046
2026-04-20 15:23:06 [INFO ] N3: 466
2026-04-20 15:23:06 [INFO ] REM: 635
2026-04-20 15:23:06 [INFO ] Test set (n_night_sleeps=2)
2026-04-20 15:23:06 [INFO ] (841, 3000, 1, 1)
2026-04-20 15:23:06 [INFO ] (1127, 3000, 1, 1)
2026-04-20 15:23:06 [INFO ] W: 371
2026-04-20 15:23:06 [INFO ] N1: 117
2026-04-20 15:23:06 [INFO ] N2: 623
2026-04-20 15:23:06 [INFO ] N3: 517
2026-04-20 15:23:06 [INFO ] REM: 340
2026-04-20 15:23:06 [INFO ]   Weighted cross entropy: True
2026-04-20 15:23:06 [INFO ]   Weighted cross entropy: [1.  1.5 1.  1.  1. ]
2026-04-20 15:23:06 [INFO ] using device 0
2026-04-20 15:23:39 [INFO ] Data Augmentation
2026-04-20 15:23:39 [INFO ]   Sequence: True
2026-04-20 15:23:39 [INFO ]   Signal full: True
2026-04-20 15:23:52 [INFO ] [e1/200 s255] TR (n=36937) l=1.5993 a=37.0 f1=19.2 (10.9s)| VA (n=5227) l=1.5883 a=39.1, f1=11.3 (1.0s) | TE (n=1968) l=1.7572 a=31.7, f1=9.6 (0.5s)
2026-04-20 15:23:52 [INFO ] Saved best checkpoint to out_sleepedf\train\0\best_ckpt\best_model.ckpt
2026-04-20 15:24:04 [INFO ] [e2/200 s522] TR (n=36935) l=1.5627 a=41.1 f1=16.6 (10.5s)| VA (n=5227) l=1.0093 a=47.0, f1=21.3 (0.9s) | TE (n=1968) l=1.7204 a=18.5, f1=8.0 (0.5s)
2026-04-20 15:24:04 [INFO ] Saved best checkpoint to out_sleepedf\train\0\best_ckpt\best_model.ckpt
2026-04-20 15:24:14 [INFO ] [e3/200 s743] TR (n=36931) l=1.5343 a=41.6 f1=23.5 (8.4s)| VA (n=5227) l=1.3503 a=42.7, f1=18.2 (0.9s) | TE (n=1968) l=1.4605 a=31.7, f1=10.2 (0.5s)
2026-04-20 15:24:24 [INFO ] [e4/200 s978] TR (n=36912) l=1.4928 a=43.3 f1=25.1 (9.0s)| VA (n=5227) l=1.1979 a=63.3, f1=46.9 (0.9s) | TE (n=1968) l=1.3009 a=48.4, f1=34.7 (0.5s)
2026-04-20 15:24:24 [INFO ] Saved best checkpoint to out_sleepedf\train\0\best_ckpt\best_model.ckpt
2026-04-20 15:24:36 [INFO ] [e5/200 s1234] TR (n=36917) l=1.3783 a=48.4 f1=31.8 (9.8s)| VA (n=5227) l=1.1212 a=39.7, f1=21.6 (0.9s) | TE (n=1968) l=2.0274 a=19.6, f1=8.0 (0.5s)
2026-04-20 15:24:47 [INFO ] [e6/200 s1474] TR (n=36931) l=1.3570 a=51.4 f1=33.0 (9.9s)| VA (n=5227) l=1.7334 a=18.9, f1=13.6 (1.2s) | TE (n=1968) l=2.3478 a=17.4, f1=9.3 (0.5s)
2026-04-20 15:24:59 [INFO ] [e7/200 s1716] TR (n=36929) l=1.2673 a=58.2 f1=44.4 (10.2s)| VA (n=5227) l=2.3232 a=40.4, f1=21.1 (1.1s) | TE (n=1968) l=2.0465 a=44.9, f1=23.9 (0.5s)
2026-04-20 15:25:10 [INFO ] [e8/200 s1927] TR (n=36937) l=1.1273 a=64.0 f1=51.1 (9.0s)| VA (n=5227) l=1.7814 a=20.4, f1=20.0 (1.1s) | TE (n=1968) l=1.8108 a=25.4, f1=16.2 (0.5s)
2026-04-20 15:25:23 [INFO ] [e9/200 s2194] TR (n=36928) l=1.1072 a=66.4 f1=54.3 (11.2s)| VA (n=5227) l=2.4105 a=18.4, f1=14.1 (1.1s) | TE (n=1968) l=2.2315 a=19.7, f1=9.1 (0.5s)
2026-04-20 15:25:35 [INFO ] [e10/200 s2437] TR (n=36929) l=1.0469 a=67.4 f1=56.3 (10.3s)| VA (n=5227) l=2.6438 a=13.1, f1=5.3 (1.0s) | TE (n=1968) l=2.8259 a=17.3, f1=5.9 (0.5s)
2026-04-20 15:25:47 [INFO ] [e11/200 s2691] TR (n=36918) l=0.9883 a=70.9 f1=59.2 (9.9s)| VA (n=5227) l=3.1390 a=12.8, f1=5.0 (1.1s) | TE (n=1968) l=2.9690 a=17.3, f1=5.9 (0.5s)
2026-04-20 15:25:58 [INFO ] [e12/200 s2920] TR (n=36935) l=1.0078 a=70.4 f1=59.1 (9.7s)| VA (n=5227) l=2.9338 a=29.6, f1=16.4 (1.1s) | TE (n=1968) l=2.3879 a=36.1, f1=19.4 (0.5s)
2026-04-20 15:26:11 [INFO ] [e13/200 s3176] TR (n=36926) l=1.0593 a=71.1 f1=60.8 (10.9s)| VA (n=5227) l=3.0092 a=15.3, f1=12.1 (1.1s) | TE (n=1968) l=2.7051 a=19.8, f1=9.7 (0.5s)
2026-04-20 15:26:22 [INFO ] [e14/200 s3404] TR (n=36922) l=0.9872 a=71.4 f1=60.3 (9.6s)| VA (n=5227) l=1.1174 a=50.8, f1=47.4 (1.1s) | TE (n=1968) l=1.4188 a=46.3, f1=33.9 (0.5s)
2026-04-20 15:26:34 [INFO ] [e15/200 s3645] TR (n=36915) l=0.9713 a=73.6 f1=62.3 (10.1s)| VA (n=5227) l=2.1922 a=54.6, f1=36.3 (1.1s) | TE (n=1968) l=1.5993 a=50.9, f1=33.4 (0.5s)
2026-04-20 15:26:47 [INFO ] [e16/200 s3913] TR (n=36945) l=0.9878 a=72.7 f1=63.0 (11.3s)| VA (n=5227) l=0.6476 a=72.6, f1=48.4 (1.1s) | TE (n=1968) l=1.7380 a=54.2, f1=39.3 (0.5s)
2026-04-20 15:26:47 [INFO ] Saved best checkpoint to out_sleepedf\train\0\best_ckpt\best_model.ckpt
2026-04-20 15:26:59 [INFO ] [e17/200 s4156] TR (n=36921) l=0.9044 a=72.3 f1=62.5 (10.2s)| VA (n=5227) l=2.4043 a=31.5, f1=21.4 (1.1s) | TE (n=1968) l=2.1136 a=29.8, f1=16.0 (0.6s)
2026-04-20 15:27:11 [INFO ] [e18/200 s4391] TR (n=36944) l=0.9878 a=73.9 f1=63.7 (9.9s)| VA (n=5227) l=2.2779 a=44.6, f1=26.3 (1.1s) | TE (n=1968) l=2.4988 a=38.7, f1=22.0 (0.5s)
2026-04-20 15:27:22 [INFO ] [e19/200 s4625] TR (n=36918) l=0.9220 a=75.7 f1=66.7 (9.8s)| VA (n=5227) l=2.4539 a=28.5, f1=22.1 (1.1s) | TE (n=1968) l=2.3888 a=27.8, f1=16.8 (0.5s)
2026-04-20 15:27:33 [INFO ] [e20/200 s4848] TR (n=36918) l=0.8053 a=75.9 f1=66.2 (9.4s)| VA (n=5227) l=1.5203 a=61.8, f1=48.2 (1.1s) | TE (n=1968) l=1.3102 a=59.8, f1=41.2 (0.5s)
2026-04-20 15:27:44 [INFO ] [e21/200 s5056] TR (n=36918) l=0.8562 a=76.5 f1=67.6 (8.8s)| VA (n=5227) l=2.2579 a=21.8, f1=23.3 (1.1s) | TE (n=1968) l=1.7983 a=35.9, f1=26.4 (0.5s)
2026-04-20 15:27:56 [INFO ] [e22/200 s5298] TR (n=36935) l=0.7676 a=75.1 f1=65.9 (10.2s)| VA (n=5227) l=2.1966 a=21.2, f1=14.7 (1.1s) | TE (n=1968) l=3.0862 a=17.7, f1=6.8 (0.5s)
2026-04-20 15:28:07 [INFO ] [e23/200 s5531] TR (n=36923) l=0.8585 a=76.0 f1=67.7 (9.8s)| VA (n=5227) l=1.5962 a=52.2, f1=39.5 (1.1s) | TE (n=1968) l=1.3333 a=63.8, f1=44.5 (0.5s)
2026-04-20 15:28:19 [INFO ] [e24/200 s5766] TR (n=36918) l=0.8886 a=77.4 f1=69.2 (9.9s)| VA (n=5227) l=2.1933 a=41.8, f1=32.9 (1.1s) | TE (n=1968) l=1.8254 a=44.4, f1=30.3 (0.5s)
2026-04-20 15:28:31 [INFO ] [e25/200 s6007] TR (n=36926) l=0.8250 a=77.7 f1=69.8 (10.1s)| VA (n=5227) l=2.9025 a=17.3, f1=16.0 (1.1s) | TE (n=1968) l=2.5575 a=18.4, f1=8.3 (0.5s)
2026-04-20 15:28:43 [INFO ] [e26/200 s6247] TR (n=36922) l=0.7068 a=77.8 f1=69.5 (10.2s)| VA (n=5227) l=0.7192 a=59.3, f1=54.3 (1.0s) | TE (n=1968) l=1.2342 a=50.2, f1=42.6 (0.5s)
2026-04-20 15:28:55 [INFO ] [e27/200 s6489] TR (n=36927) l=0.7689 a=77.7 f1=70.0 (10.2s)| VA (n=5227) l=1.0367 a=69.7, f1=59.0 (1.1s) | TE (n=1968) l=1.0079 a=59.9, f1=46.9 (0.5s)
2026-04-20 15:29:07 [INFO ] [e28/200 s6745] TR (n=36912) l=0.7787 a=76.3 f1=68.4 (10.7s)| VA (n=5227) l=0.9550 a=70.9, f1=60.6 (1.0s) | TE (n=1968) l=1.3833 a=57.8, f1=39.7 (0.5s)
2026-04-20 15:29:19 [INFO ] [e29/200 s7001] TR (n=36926) l=0.8936 a=79.1 f1=71.3 (10.6s)| VA (n=5227) l=0.4879 a=79.1, f1=61.5 (1.0s) | TE (n=1968) l=0.8091 a=67.6, f1=59.9 (0.5s)
2026-04-20 15:29:19 [INFO ] Saved best checkpoint to out_sleepedf\train\0\best_ckpt\best_model.ckpt
2026-04-20 15:29:32 [INFO ] [e30/200 s7267] TR (n=36923) l=0.8417 a=79.0 f1=71.1 (11.0s)| VA (n=5227) l=3.2403 a=49.6, f1=30.8 (1.0s) | TE (n=1968) l=1.8020 a=47.8, f1=27.4 (0.5s)
2026-04-20 15:29:44 [INFO ] [e31/200 s7506] TR (n=36931) l=0.7093 a=79.5 f1=71.8 (10.0s)| VA (n=5227) l=2.4894 a=51.6, f1=31.3 (1.0s) | TE (n=1968) l=2.1708 a=45.7, f1=24.4 (0.5s)
2026-04-20 15:29:56 [INFO ] [e32/200 s7761] TR (n=36919) l=0.6614 a=79.1 f1=71.1 (10.7s)| VA (n=5227) l=0.6421 a=80.1, f1=73.3 (1.1s) | TE (n=1968) l=0.7615 a=72.4, f1=66.5 (0.5s)
2026-04-20 15:29:56 [INFO ] Saved best checkpoint to out_sleepedf\train\0\best_ckpt\best_model.ckpt
2026-04-20 15:30:07 [INFO ] [e33/200 s7977] TR (n=36919) l=0.7495 a=78.7 f1=71.3 (9.2s)| VA (n=5227) l=2.7607 a=25.1, f1=23.5 (1.1s) | TE (n=1968) l=2.5760 a=23.1, f1=14.1 (0.5s)
2026-04-20 15:30:19 [INFO ] [e34/200 s8219] TR (n=36925) l=0.7366 a=80.6 f1=73.5 (10.2s)| VA (n=5227) l=3.3850 a=28.1, f1=24.2 (1.1s) | TE (n=1968) l=1.9290 a=48.2, f1=32.2 (0.5s)
2026-04-20 15:30:30 [INFO ] [e35/200 s8443] TR (n=36921) l=0.7260 a=80.4 f1=73.1 (9.5s)| VA (n=5227) l=1.3582 a=53.0, f1=48.0 (1.1s) | TE (n=1968) l=1.1853 a=62.3, f1=45.1 (0.5s)
2026-04-20 15:30:43 [INFO ] [e36/200 s8709] TR (n=36922) l=0.7825 a=81.0 f1=74.2 (11.1s)| VA (n=5227) l=2.5007 a=50.0, f1=44.9 (1.0s) | TE (n=1968) l=1.2917 a=64.3, f1=44.7 (0.5s)
2026-04-20 15:30:56 [INFO ] [e37/200 s8975] TR (n=36931) l=0.7242 a=80.6 f1=73.5 (11.2s)| VA (n=5227) l=1.2858 a=45.0, f1=38.0 (1.1s) | TE (n=1968) l=1.8708 a=27.5, f1=20.4 (0.5s)
2026-04-20 15:31:08 [INFO ] [e38/200 s9241] TR (n=36933) l=0.8414 a=78.5 f1=71.4 (11.1s)| VA (n=5227) l=1.2718 a=50.0, f1=33.8 (1.1s) | TE (n=1968) l=2.4978 a=24.9, f1=15.6 (0.5s)
2026-04-20 15:31:20 [INFO ] [e39/200 s9484] TR (n=36938) l=0.8545 a=79.4 f1=72.6 (10.2s)| VA (n=5227) l=1.2037 a=62.8, f1=59.0 (1.1s) | TE (n=1968) l=0.8122 a=65.6, f1=58.8 (0.5s)
2026-04-20 15:31:32 [INFO ] [e40/200 s9719] TR (n=36927) l=0.6342 a=80.0 f1=73.7 (9.9s)| VA (n=5227) l=3.1462 a=15.2, f1=7.4 (1.1s) | TE (n=1968) l=3.8382 a=17.3, f1=6.0 (0.5s)
2026-04-20 15:31:44 [INFO ] [e41/200 s9974] TR (n=36920) l=0.6042 a=81.0 f1=74.1 (10.7s)| VA (n=5227) l=0.4351 a=77.9, f1=72.5 (1.1s) | TE (n=1968) l=0.6047 a=76.5, f1=70.5 (0.5s)
2026-04-20 15:31:57 [INFO ] [e42/200 s10228] TR (n=36908) l=0.7002 a=80.6 f1=73.4 (10.7s)| VA (n=5227) l=2.5038 a=32.5, f1=34.8 (1.1s) | TE (n=1968) l=1.8546 a=39.2, f1=28.7 (0.5s)
2026-04-20 15:32:09 [INFO ] [e43/200 s10469] TR (n=36927) l=0.6433 a=82.1 f1=75.6 (10.1s)| VA (n=5227) l=0.5751 a=75.8, f1=71.6 (1.1s) | TE (n=1968) l=0.5341 a=77.8, f1=72.6 (0.5s)
2026-04-20 15:32:20 [INFO ] [e44/200 s10711] TR (n=36934) l=0.6077 a=82.2 f1=76.0 (10.1s)| VA (n=5227) l=2.9841 a=47.6, f1=30.1 (1.1s) | TE (n=1968) l=2.3682 a=42.1, f1=22.5 (0.5s)
2026-04-20 15:32:33 [INFO ] [e45/200 s10978] TR (n=36922) l=0.7731 a=80.5 f1=74.1 (11.3s)| VA (n=5227) l=1.8099 a=34.8, f1=35.3 (1.1s) | TE (n=1968) l=2.0563 a=34.3, f1=33.6 (0.5s)
2026-04-20 15:32:45 [INFO ] [e46/200 s11208] TR (n=36932) l=0.6141 a=82.0 f1=75.0 (9.7s)| VA (n=5227) l=1.4028 a=69.7, f1=62.8 (1.1s) | TE (n=1968) l=1.0961 a=65.7, f1=48.8 (0.5s)
2026-04-20 15:32:56 [INFO ] [e47/200 s11440] TR (n=36929) l=0.6644 a=81.7 f1=75.4 (9.8s)| VA (n=5227) l=1.9641 a=55.0, f1=40.4 (1.1s) | TE (n=1968) l=1.4076 a=66.3, f1=45.9 (0.5s)
2026-04-20 15:33:08 [INFO ] [e48/200 s11682] TR (n=36918) l=0.5836 a=82.0 f1=75.7 (10.2s)| VA (n=5227) l=0.7710 a=70.0, f1=66.2 (1.0s) | TE (n=1968) l=1.1966 a=58.2, f1=46.8 (0.5s)
2026-04-20 15:33:19 [INFO ] [e49/200 s11908] TR (n=36911) l=0.6411 a=81.2 f1=73.9 (9.4s)| VA (n=5227) l=0.3386 a=85.5, f1=76.4 (1.0s) | TE (n=1968) l=0.6691 a=75.4, f1=65.5 (0.5s)
2026-04-20 15:33:19 [INFO ] Saved best checkpoint to out_sleepedf\train\0\best_ckpt\best_model.ckpt
2026-04-20 15:33:32 [INFO ] [e50/200 s12174] TR (n=36927) l=0.6320 a=82.7 f1=76.5 (11.0s)| VA (n=5227) l=0.7088 a=76.3, f1=70.6 (1.0s) | TE (n=1968) l=0.8910 a=69.3, f1=53.3 (0.5s)
2026-04-20 15:33:32 [INFO ] >> Confusion Matrix
2026-04-20 15:33:32 [INFO ] [[ 31 100   9   0 231]
 [  0  13  21   0  83]
 [  0   0 547   5  71]
 [  0   0  80 436   1]
 [  0   0   3   0 337]]
2026-04-20 15:33:43 [INFO ] [e51/200 s12406] TR (n=36910) l=0.7360 a=82.8 f1=76.6 (9.7s)| VA (n=5227) l=0.8277 a=78.4, f1=72.4 (1.0s) | TE (n=1968) l=0.9457 a=71.0, f1=58.3 (0.5s)
2026-04-20 15:33:56 [INFO ] [e52/200 s12672] TR (n=36925) l=0.7085 a=82.6 f1=76.5 (11.0s)| VA (n=5227) l=1.5143 a=57.9, f1=53.6 (1.0s) | TE (n=1968) l=1.1712 a=65.2, f1=47.0 (0.5s)
2026-04-20 15:34:07 [INFO ] [e53/200 s12907] TR (n=36925) l=0.6881 a=81.6 f1=75.3 (9.7s)| VA (n=5227) l=0.7686 a=77.7, f1=69.7 (1.0s) | TE (n=1968) l=0.6634 a=76.8, f1=65.0 (0.5s)
2026-04-20 15:34:18 [INFO ] [e54/200 s13125] TR (n=36935) l=0.5902 a=83.1 f1=76.9 (9.0s)| VA (n=5227) l=1.5557 a=69.0, f1=63.2 (1.0s) | TE (n=1968) l=0.9261 a=66.3, f1=52.2 (0.5s)
2026-04-20 15:34:29 [INFO ] [e55/200 s13348] TR (n=36924) l=0.5396 a=84.0 f1=78.2 (9.3s)| VA (n=5227) l=0.7526 a=77.3, f1=69.5 (1.0s) | TE (n=1968) l=0.4561 a=85.4, f1=77.1 (0.5s)
2026-04-20 15:34:40 [INFO ] [e56/200 s13584] TR (n=36916) l=0.6273 a=82.7 f1=76.1 (9.8s)| VA (n=5227) l=0.4235 a=78.1, f1=73.2 (1.0s) | TE (n=1968) l=0.5792 a=77.9, f1=70.7 (0.5s)
2026-04-20 15:34:52 [INFO ] [e57/200 s13823] TR (n=36922) l=0.6050 a=83.9 f1=77.8 (10.1s)| VA (n=5227) l=0.3118 a=86.7, f1=81.5 (1.0s) | TE (n=1968) l=0.5859 a=77.0, f1=70.2 (0.5s)
2026-04-20 15:34:52 [INFO ] Saved best checkpoint to out_sleepedf\train\0\best_ckpt\best_model.ckpt
2026-04-20 15:35:04 [INFO ] [e58/200 s14054] TR (n=36938) l=0.5557 a=84.1 f1=78.6 (9.8s)| VA (n=5227) l=1.5806 a=57.4, f1=57.6 (1.1s) | TE (n=1968) l=1.2420 a=59.0, f1=45.4 (0.5s)
2026-04-20 15:35:14 [INFO ] [e59/200 s14277] TR (n=36929) l=0.5903 a=83.7 f1=78.0 (9.1s)| VA (n=5227) l=2.0551 a=67.2, f1=62.1 (1.0s) | TE (n=1968) l=0.5499 a=82.5, f1=77.5 (0.5s)
2026-04-20 15:35:26 [INFO ] [e60/200 s14508] TR (n=36934) l=0.4978 a=84.5 f1=78.9 (10.0s)| VA (n=5227) l=1.1672 a=72.4, f1=65.0 (1.1s) | TE (n=1968) l=0.6040 a=78.2, f1=73.2 (0.6s)
2026-04-20 15:35:38 [INFO ] [e61/200 s14748] TR (n=36934) l=0.5606 a=84.0 f1=77.8 (10.4s)| VA (n=5227) l=0.2451 a=88.4, f1=81.1 (1.2s) | TE (n=1968) l=0.4604 a=84.7, f1=79.0 (0.5s)
2026-04-20 15:35:49 [INFO ] [e62/200 s14959] TR (n=36923) l=0.6385 a=83.3 f1=77.8 (9.4s)| VA (n=5227) l=0.2768 a=87.3, f1=81.9 (1.1s) | TE (n=1968) l=0.4893 a=82.0, f1=76.5 (0.6s)
2026-04-20 15:35:49 [INFO ] Saved best checkpoint to out_sleepedf\train\0\best_ckpt\best_model.ckpt
2026-04-20 15:36:03 [INFO ] [e63/200 s15227] TR (n=36929) l=0.5999 a=83.2 f1=77.1 (11.4s)| VA (n=5227) l=0.7320 a=76.1, f1=66.6 (1.1s) | TE (n=1968) l=0.8864 a=72.5, f1=57.3 (0.5s)
2026-04-20 15:36:16 [INFO ] [e64/200 s15493] TR (n=36922) l=0.6913 a=82.8 f1=76.5 (11.2s)| VA (n=5227) l=0.7643 a=73.9, f1=69.6 (1.1s) | TE (n=1968) l=0.5884 a=77.2, f1=69.3 (0.5s)
2026-04-20 15:36:29 [INFO ] [e65/200 s15759] TR (n=36908) l=0.6092 a=83.6 f1=77.8 (11.4s)| VA (n=5227) l=0.8508 a=73.8, f1=68.2 (1.1s) | TE (n=1968) l=0.6444 a=78.3, f1=68.6 (0.6s)
2026-04-20 15:36:41 [INFO ] [e66/200 s16001] TR (n=36928) l=0.5352 a=83.8 f1=78.1 (10.4s)| VA (n=5227) l=0.2375 a=88.6, f1=81.5 (1.1s) | TE (n=1968) l=0.4666 a=85.0, f1=78.2 (0.6s)
2026-04-20 15:36:53 [INFO ] [e67/200 s16241] TR (n=36935) l=0.5703 a=83.8 f1=78.0 (10.2s)| VA (n=5227) l=0.6405 a=76.6, f1=69.4 (1.1s) | TE (n=1968) l=0.7617 a=72.2, f1=69.2 (0.5s)
2026-04-20 15:37:06 [INFO ] [e68/200 s16496] TR (n=36927) l=0.6179 a=84.3 f1=78.3 (11.1s)| VA (n=5227) l=0.4519 a=82.0, f1=72.9 (1.2s) | TE (n=1968) l=0.7988 a=70.5, f1=65.8 (0.6s)
2026-04-20 15:37:18 [INFO ] [e69/200 s16738] TR (n=36925) l=0.6703 a=83.7 f1=78.1 (10.4s)| VA (n=5227) l=1.2352 a=66.0, f1=62.3 (1.1s) | TE (n=1968) l=1.3089 a=59.3, f1=43.6 (0.6s)
2026-04-20 15:37:30 [INFO ] [e70/200 s16977] TR (n=36938) l=0.5567 a=84.0 f1=78.3 (10.3s)| VA (n=5227) l=1.2522 a=73.3, f1=70.0 (1.1s) | TE (n=1968) l=0.4832 a=81.7, f1=77.1 (0.6s)
2026-04-20 15:37:41 [INFO ] [e71/200 s17196] TR (n=36925) l=0.5859 a=84.1 f1=78.1 (9.6s)| VA (n=5227) l=0.9240 a=70.9, f1=64.5 (1.1s) | TE (n=1968) l=0.9945 a=65.7, f1=53.2 (0.5s)
2026-04-20 15:37:54 [INFO ] [e72/200 s17451] TR (n=36928) l=0.5143 a=84.6 f1=78.7 (10.7s)| VA (n=5227) l=0.7071 a=66.5, f1=58.5 (1.0s) | TE (n=1968) l=1.2704 a=53.5, f1=49.4 (0.5s)
2026-04-20 15:38:06 [INFO ] [e73/200 s17706] TR (n=36943) l=0.6333 a=83.6 f1=77.8 (10.8s)| VA (n=5227) l=2.2401 a=37.2, f1=40.7 (1.1s) | TE (n=1968) l=1.8690 a=45.9, f1=31.9 (0.5s)
2026-04-20 15:38:19 [INFO ] [e74/200 s17961] TR (n=36925) l=0.5898 a=84.4 f1=78.8 (10.6s)| VA (n=5227) l=3.6979 a=31.2, f1=29.3 (1.0s) | TE (n=1968) l=2.7570 a=31.4, f1=22.5 (0.5s)
2026-04-20 15:38:30 [INFO ] [e75/200 s18201] TR (n=36935) l=0.5643 a=85.0 f1=79.6 (9.9s)| VA (n=5227) l=0.2240 a=90.6, f1=85.6 (1.0s) | TE (n=1968) l=0.4899 a=83.6, f1=78.9 (0.5s)
2026-04-20 15:38:30 [INFO ] Saved best checkpoint to out_sleepedf\train\0\best_ckpt\best_model.ckpt
2026-04-20 15:38:42 [INFO ] [e76/200 s18436] TR (n=36922) l=0.6781 a=83.8 f1=78.2 (9.8s)| VA (n=5227) l=0.1787 a=91.3, f1=84.7 (1.0s) | TE (n=1968) l=0.3633 a=88.1, f1=81.6 (0.5s)
2026-04-20 15:38:53 [INFO ] [e77/200 s18670] TR (n=36924) l=0.5261 a=85.1 f1=79.7 (9.9s)| VA (n=5227) l=0.3026 a=86.1, f1=80.6 (1.0s) | TE (n=1968) l=0.5854 a=80.2, f1=73.4 (0.5s)
2026-04-20 15:39:05 [INFO ] [e78/200 s18907] TR (n=36938) l=0.5873 a=84.4 f1=78.8 (9.9s)| VA (n=5227) l=0.3373 a=84.7, f1=78.2 (1.1s) | TE (n=1968) l=0.6547 a=76.3, f1=71.3 (0.5s)
2026-04-20 15:39:17 [INFO ] [e79/200 s19149] TR (n=36921) l=0.6372 a=84.4 f1=78.7 (10.2s)| VA (n=5227) l=0.5424 a=75.1, f1=69.1 (1.1s) | TE (n=1968) l=0.7446 a=73.2, f1=67.1 (0.5s)
2026-04-20 15:39:29 [INFO ] [e80/200 s19390] TR (n=36929) l=0.5033 a=84.6 f1=78.9 (10.5s)| VA (n=5227) l=0.2828 a=82.7, f1=63.6 (1.4s) | TE (n=1968) l=0.7558 a=65.4, f1=58.8 (0.6s)
2026-04-20 15:39:42 [INFO ] [e81/200 s19646] TR (n=36937) l=0.4807 a=83.6 f1=77.8 (10.7s)| VA (n=5227) l=2.2204 a=35.3, f1=35.4 (1.1s) | TE (n=1968) l=2.3798 a=29.8, f1=25.3 (0.5s)
2026-04-20 15:39:54 [INFO ] [e82/200 s19874] TR (n=36931) l=0.5972 a=84.7 f1=79.1 (10.2s)| VA (n=5227) l=0.3001 a=88.2, f1=81.1 (1.0s) | TE (n=1968) l=0.4853 a=82.4, f1=78.0 (0.5s)
2026-04-20 15:40:04 [INFO ] [e83/200 s20102] TR (n=36934) l=0.4598 a=85.0 f1=79.5 (8.9s)| VA (n=5227) l=0.2553 a=88.8, f1=81.7 (1.0s) | TE (n=1968) l=0.4180 a=83.6, f1=79.4 (0.5s)
2026-04-20 15:40:15 [INFO ] [e84/200 s20333] TR (n=36922) l=0.4608 a=85.5 f1=80.4 (9.0s)| VA (n=5227) l=0.2315 a=88.9, f1=82.1 (1.0s) | TE (n=1968) l=0.4638 a=81.9, f1=77.2 (0.5s)
2026-04-20 15:40:26 [INFO ] [e85/200 s20575] TR (n=36935) l=0.5605 a=85.4 f1=80.0 (9.6s)| VA (n=5227) l=0.7562 a=75.6, f1=70.5 (0.9s) | TE (n=1968) l=0.5370 a=78.7, f1=74.9 (0.5s)
2026-04-20 15:40:36 [INFO ] [e86/200 s20809] TR (n=36922) l=0.5223 a=85.3 f1=79.8 (9.2s)| VA (n=5227) l=0.1797 a=91.2, f1=85.9 (0.9s) | TE (n=1968) l=0.3726 a=86.7, f1=81.3 (0.5s)
2026-04-20 15:40:36 [INFO ] Saved best checkpoint to out_sleepedf\train\0\best_ckpt\best_model.ckpt
2026-04-20 15:40:47 [INFO ] [e87/200 s21041] TR (n=36929) l=0.6379 a=84.8 f1=79.3 (9.2s)| VA (n=5227) l=0.6200 a=76.0, f1=68.8 (1.0s) | TE (n=1968) l=1.1289 a=62.2, f1=51.3 (0.5s)
2026-04-20 15:40:58 [INFO ] [e88/200 s21269] TR (n=36923) l=0.5170 a=84.9 f1=79.5 (8.9s)| VA (n=5227) l=0.2849 a=86.1, f1=78.9 (1.0s) | TE (n=1968) l=0.5797 a=80.6, f1=73.0 (0.5s)
2026-04-20 15:41:08 [INFO ] [e89/200 s21503] TR (n=36924) l=0.4706 a=85.5 f1=80.0 (9.3s)| VA (n=5227) l=0.1801 a=91.2, f1=86.0 (0.9s) | TE (n=1968) l=0.3845 a=85.3, f1=80.7 (0.5s)
2026-04-20 15:41:08 [INFO ] Saved best checkpoint to out_sleepedf\train\0\best_ckpt\best_model.ckpt
2026-04-20 15:41:21 [INFO ] [e90/200 s21769] TR (n=36928) l=0.5210 a=85.0 f1=79.8 (11.1s)| VA (n=5227) l=0.9169 a=65.0, f1=55.6 (1.1s) | TE (n=1968) l=1.2852 a=60.0, f1=54.1 (0.5s)
2026-04-20 15:41:45 [INFO ] [e91/200 s22011] TR (n=36918) l=0.4966 a=85.0 f1=79.5 (22.1s)| VA (n=5227) l=0.8278 a=81.9, f1=76.9 (0.9s) | TE (n=1968) l=0.3657 a=87.7, f1=81.8 (0.5s)
2026-04-20 15:42:29 [INFO ] [e92/200 s22278] TR (n=36918) l=0.6053 a=84.4 f1=79.1 (42.8s)| VA (n=5227) l=0.3989 a=77.4, f1=71.8 (1.0s) | TE (n=1968) l=0.6541 a=74.5, f1=68.5 (0.5s)
2026-04-20 15:43:13 [INFO ] [e93/200 s22496] TR (n=36921) l=0.4975 a=85.1 f1=79.9 (42.1s)| VA (n=5227) l=0.8709 a=78.1, f1=70.5 (1.0s) | TE (n=1968) l=0.4643 a=82.5, f1=78.0 (0.5s)
2026-04-23 19:42:46 [INFO ] Load generated SIDs from sleepedf.txt
2026-04-23 19:42:46 [INFO ] SIDs (20): [ 0  1  2  3  4  5  6  7  8  9 10 11 12 13 14 15 16 17 18 19]
2026-04-23 19:42:46 [INFO ] Train SIDs: (17) [ 2  3  4  5  7  8  9 10 11 12 13 14 15 16 17 18 19]
2026-04-23 19:42:46 [INFO ] Valid SIDs: (2) [1 6]
2026-04-23 19:42:46 [INFO ] Test SIDs: (1) [0]
2026-04-23 19:42:47 [INFO ] Training set (n_night_sleeps=33)
2026-04-23 19:42:47 [INFO ] (1025, 3000, 1, 1)
2026-04-23 19:42:47 [INFO ] (1009, 3000, 1, 1)
2026-04-23 19:42:47 [INFO ] (952, 3000, 1, 1)
2026-04-23 19:42:47 [INFO ] (911, 3000, 1, 1)
2026-04-23 19:42:47 [INFO ] (1235, 3000, 1, 1)
2026-04-23 19:42:47 [INFO ] (1200, 3000, 1, 1)
2026-04-23 19:42:47 [INFO ] (672, 3000, 1, 1)
2026-04-23 19:42:47 [INFO ] (1246, 3000, 1, 1)
2026-04-23 19:42:47 [INFO ] (976, 3000, 1, 1)
2026-04-23 19:42:47 [INFO ] (1273, 3000, 1, 1)
2026-04-23 19:42:47 [INFO ] (1134, 3000, 1, 1)
2026-04-23 19:42:47 [INFO ] (1054, 3000, 1, 1)
2026-04-23 19:42:47 [INFO ] (1132, 3000, 1, 1)
2026-04-23 19:42:47 [INFO ] (1207, 3000, 1, 1)
2026-04-23 19:42:47 [INFO ] (1104, 3000, 1, 1)
2026-04-23 19:42:47 [INFO ] (1092, 3000, 1, 1)
2026-04-23 19:42:47 [INFO ] (928, 3000, 1, 1)
2026-04-23 19:42:47 [INFO ] (802, 3000, 1, 1)
2026-04-23 19:42:47 [INFO ] (1783, 3000, 1, 1)
2026-04-23 19:42:47 [INFO ] (977, 3000, 1, 1)
2026-04-23 19:42:47 [INFO ] (1028, 3000, 1, 1)
2026-04-23 19:42:47 [INFO ] (1004, 3000, 1, 1)
2026-04-23 19:42:47 [INFO ] (952, 3000, 1, 1)
2026-04-23 19:42:47 [INFO ] (952, 3000, 1, 1)
2026-04-23 19:42:47 [INFO ] (1762, 3000, 1, 1)
2026-04-23 19:42:47 [INFO ] (1144, 3000, 1, 1)
2026-04-23 19:42:47 [INFO ] (1003, 3000, 1, 1)
2026-04-23 19:42:47 [INFO ] (1002, 3000, 1, 1)
2026-04-23 19:42:47 [INFO ] (1773, 3000, 1, 1)
2026-04-23 19:42:47 [INFO ] (964, 3000, 1, 1)
2026-04-23 19:42:47 [INFO ] (920, 3000, 1, 1)
2026-04-23 19:42:47 [INFO ] (1535, 3000, 1, 1)
2026-04-23 19:42:47 [INFO ] (1274, 3000, 1, 1)
2026-04-23 19:42:47 [INFO ] W: 8093
2026-04-23 19:42:47 [INFO ] N1: 2340
2026-04-23 19:42:47 [INFO ] N2: 15130
2026-04-23 19:42:47 [INFO ] N3: 4720
2026-04-23 19:42:47 [INFO ] REM: 6742
2026-04-23 19:42:47 [INFO ] Validation set (n_night_sleeps=4)
2026-04-23 19:42:47 [INFO ] (1103, 3000, 1, 1)
2026-04-23 19:42:47 [INFO ] (2265, 3000, 1, 1)
2026-04-23 19:42:47 [INFO ] (843, 3000, 1, 1)
2026-04-23 19:42:47 [INFO ] (1016, 3000, 1, 1)
2026-04-23 19:42:47 [INFO ] W: 1733
2026-04-23 19:42:47 [INFO ] N1: 347
2026-04-23 19:42:47 [INFO ] N2: 2046
2026-04-23 19:42:47 [INFO ] N3: 466
2026-04-23 19:42:47 [INFO ] REM: 635
2026-04-23 19:42:47 [INFO ] Test set (n_night_sleeps=2)
2026-04-23 19:42:47 [INFO ] (841, 3000, 1, 1)
2026-04-23 19:42:47 [INFO ] (1127, 3000, 1, 1)
2026-04-23 19:42:47 [INFO ] W: 371
2026-04-23 19:42:47 [INFO ] N1: 117
2026-04-23 19:42:47 [INFO ] N2: 623
2026-04-23 19:42:47 [INFO ] N3: 517
2026-04-23 19:42:47 [INFO ] REM: 340
2026-04-23 19:42:47 [INFO ]   Weighted cross entropy: True
2026-04-23 19:42:47 [INFO ]   Weighted cross entropy: [1.  1.5 1.  1.  1. ]
2026-04-23 19:42:47 [INFO ] using device 0
2026-04-23 19:42:51 [INFO ] Data Augmentation
2026-04-23 19:42:51 [INFO ]   Sequence: True
2026-04-23 19:42:51 [INFO ]   Signal full: True
2026-04-23 19:48:27 [INFO ] Load generated SIDs from sleepedf.txt
2026-04-23 19:48:27 [INFO ] SIDs (20): [ 0  1  2  3  4  5  6  7  8  9 10 11 12 13 14 15 16 17 18 19]
2026-04-23 19:48:27 [INFO ] Train SIDs: (17) [ 2  3  4  5  7  8  9 10 11 12 13 14 15 16 17 18 19]
2026-04-23 19:48:27 [INFO ] Valid SIDs: (2) [1 6]
2026-04-23 19:48:27 [INFO ] Test SIDs: (1) [0]
2026-04-23 19:48:28 [INFO ] Training set (n_night_sleeps=33)
2026-04-23 19:48:28 [INFO ] (1025, 3000, 1, 1)
2026-04-23 19:48:28 [INFO ] (1009, 3000, 1, 1)
2026-04-23 19:48:28 [INFO ] (952, 3000, 1, 1)
2026-04-23 19:48:28 [INFO ] (911, 3000, 1, 1)
2026-04-23 19:48:28 [INFO ] (1235, 3000, 1, 1)
2026-04-23 19:48:28 [INFO ] (1200, 3000, 1, 1)
2026-04-23 19:48:28 [INFO ] (672, 3000, 1, 1)
2026-04-23 19:48:28 [INFO ] (1246, 3000, 1, 1)
2026-04-23 19:48:28 [INFO ] (976, 3000, 1, 1)
2026-04-23 19:48:28 [INFO ] (1273, 3000, 1, 1)
2026-04-23 19:48:28 [INFO ] (1134, 3000, 1, 1)
2026-04-23 19:48:28 [INFO ] (1054, 3000, 1, 1)
2026-04-23 19:48:28 [INFO ] (1132, 3000, 1, 1)
2026-04-23 19:48:28 [INFO ] (1207, 3000, 1, 1)
2026-04-23 19:48:28 [INFO ] (1104, 3000, 1, 1)
2026-04-23 19:48:28 [INFO ] (1092, 3000, 1, 1)
2026-04-23 19:48:28 [INFO ] (928, 3000, 1, 1)
2026-04-23 19:48:28 [INFO ] (802, 3000, 1, 1)
2026-04-23 19:48:28 [INFO ] (1783, 3000, 1, 1)
2026-04-23 19:48:28 [INFO ] (977, 3000, 1, 1)
2026-04-23 19:48:28 [INFO ] (1028, 3000, 1, 1)
2026-04-23 19:48:28 [INFO ] (1004, 3000, 1, 1)
2026-04-23 19:48:28 [INFO ] (952, 3000, 1, 1)
2026-04-23 19:48:28 [INFO ] (952, 3000, 1, 1)
2026-04-23 19:48:28 [INFO ] (1762, 3000, 1, 1)
2026-04-23 19:48:28 [INFO ] (1144, 3000, 1, 1)
2026-04-23 19:48:28 [INFO ] (1003, 3000, 1, 1)
2026-04-23 19:48:28 [INFO ] (1002, 3000, 1, 1)
2026-04-23 19:48:28 [INFO ] (1773, 3000, 1, 1)
2026-04-23 19:48:28 [INFO ] (964, 3000, 1, 1)
2026-04-23 19:48:28 [INFO ] (920, 3000, 1, 1)
2026-04-23 19:48:28 [INFO ] (1535, 3000, 1, 1)
2026-04-23 19:48:28 [INFO ] (1274, 3000, 1, 1)
2026-04-23 19:48:28 [INFO ] W: 8093
2026-04-23 19:48:28 [INFO ] N1: 2340
2026-04-23 19:48:28 [INFO ] N2: 15130
2026-04-23 19:48:28 [INFO ] N3: 4720
2026-04-23 19:48:28 [INFO ] REM: 6742
2026-04-23 19:48:28 [INFO ] Validation set (n_night_sleeps=4)
2026-04-23 19:48:28 [INFO ] (1103, 3000, 1, 1)
2026-04-23 19:48:28 [INFO ] (2265, 3000, 1, 1)
2026-04-23 19:48:28 [INFO ] (843, 3000, 1, 1)
2026-04-23 19:48:28 [INFO ] (1016, 3000, 1, 1)
2026-04-23 19:48:28 [INFO ] W: 1733
2026-04-23 19:48:28 [INFO ] N1: 347
2026-04-23 19:48:28 [INFO ] N2: 2046
2026-04-23 19:48:28 [INFO ] N3: 466
2026-04-23 19:48:28 [INFO ] REM: 635
2026-04-23 19:48:28 [INFO ] Test set (n_night_sleeps=2)
2026-04-23 19:48:28 [INFO ] (841, 3000, 1, 1)
2026-04-23 19:48:28 [INFO ] (1127, 3000, 1, 1)
2026-04-23 19:48:28 [INFO ] W: 371
2026-04-23 19:48:28 [INFO ] N1: 117
2026-04-23 19:48:28 [INFO ] N2: 623
2026-04-23 19:48:28 [INFO ] N3: 517
2026-04-23 19:48:28 [INFO ] REM: 340
2026-04-23 19:48:28 [INFO ]   Weighted cross entropy: True
2026-04-23 19:48:28 [INFO ]   Weighted cross entropy: [1.  1.5 1.  1.  1. ]
2026-04-23 19:48:28 [INFO ] using device 0
2026-04-23 19:48:31 [INFO ] Data Augmentation
2026-04-23 19:48:31 [INFO ]   Sequence: True
2026-04-23 19:48:31 [INFO ]   Signal full: True
