2026-05-03 20:57:20 [INFO ] Load generated SIDs from isruc.txt
2026-05-03 20:57:20 [INFO ] SIDs (100): [  1   2   3   4   5   6   7   8   9  10  11  12  13  14  15  16  17  18
  19  20  21  22  23  24  25  26  27  28  29  30  31  32  33  34  35  36
  37  38  39  40  41  42  43  44  45  46  47  48  49  50  51  52  53  54
  55  56  57  58  59  60  61  62  63  64  65  66  67  68  69  70  71  72
  73  74  75  76  77  78  79  80  81  82  83  84  85  86  87  88  89  90
  91  92  93  94  95  96  97  98  99 100]
2026-05-03 20:57:20 [INFO ] Train SIDs: (81) [ 12  13  14  15  16  17  18  19  20  22  23  24  25  26  27  28  29  30
  31  32  34  35  36  38  39  40  41  42  43  44  45  46  47  48  49  52
  53  54  55  56  57  58  59  60  61  62  63  64  65  67  68  69  70  71
  72  73  74  75  77  78  79  80  82  83  84  85  86  87  88  89  90  91
  92  93  94  95  96  97  98  99 100]
2026-05-03 20:57:20 [INFO ] Valid SIDs: (9) [51 33 66 81 11 37 50 76 21]
2026-05-03 20:57:20 [INFO ] Test SIDs: (10) [ 1  2  3  4  5  6  7  8  9 10]
2026-05-03 20:57:22 [INFO ] Training set (n_night_sleeps=81)
2026-05-03 20:57:22 [INFO ] (850, 3000, 1, 1)
2026-05-03 20:57:22 [INFO ] (882, 3000, 1, 1)
2026-05-03 20:57:22 [INFO ] (906, 3000, 1, 1)
2026-05-03 20:57:22 [INFO ] (786, 3000, 1, 1)
2026-05-03 20:57:22 [INFO ] (883, 3000, 1, 1)
2026-05-03 20:57:22 [INFO ] (851, 3000, 1, 1)
2026-05-03 20:57:22 [INFO ] (999, 3000, 1, 1)
2026-05-03 20:57:22 [INFO ] (828, 3000, 1, 1)
2026-05-03 20:57:22 [INFO ] (950, 3000, 1, 1)
2026-05-03 20:57:22 [INFO ] (849, 3000, 1, 1)
2026-05-03 20:57:22 [INFO ] (892, 3000, 1, 1)
2026-05-03 20:57:22 [INFO ] (830, 3000, 1, 1)
2026-05-03 20:57:22 [INFO ] (921, 3000, 1, 1)
2026-05-03 20:57:22 [INFO ] (1062, 3000, 1, 1)
2026-05-03 20:57:22 [INFO ] (918, 3000, 1, 1)
2026-05-03 20:57:22 [INFO ] (882, 3000, 1, 1)
2026-05-03 20:57:22 [INFO ] (912, 3000, 1, 1)
2026-05-03 20:57:22 [INFO ] (882, 3000, 1, 1)
2026-05-03 20:57:22 [INFO ] (877, 3000, 1, 1)
2026-05-03 20:57:22 [INFO ] (1010, 3000, 1, 1)
2026-05-03 20:57:22 [INFO ] (871, 3000, 1, 1)
2026-05-03 20:57:22 [INFO ] (788, 3000, 1, 1)
2026-05-03 20:57:22 [INFO ] (987, 3000, 1, 1)
2026-05-03 20:57:22 [INFO ] (932, 3000, 1, 1)
2026-05-03 20:57:22 [INFO ] (900, 3000, 1, 1)
2026-05-03 20:57:22 [INFO ] (875, 3000, 1, 1)
2026-05-03 20:57:22 [INFO ] (974, 3000, 1, 1)
2026-05-03 20:57:22 [INFO ] (812, 3000, 1, 1)
2026-05-03 20:57:22 [INFO ] (747, 3000, 1, 1)
2026-05-03 20:57:22 [INFO ] (932, 3000, 1, 1)
2026-05-03 20:57:22 [INFO ] (906, 3000, 1, 1)
2026-05-03 20:57:22 [INFO ] (863, 3000, 1, 1)
2026-05-03 20:57:22 [INFO ] (838, 3000, 1, 1)
2026-05-03 20:57:22 [INFO ] (981, 3000, 1, 1)
2026-05-03 20:57:22 [INFO ] (793, 3000, 1, 1)
2026-05-03 20:57:22 [INFO ] (912, 3000, 1, 1)
2026-05-03 20:57:22 [INFO ] (910, 3000, 1, 1)
2026-05-03 20:57:22 [INFO ] (814, 3000, 1, 1)
2026-05-03 20:57:22 [INFO ] (879, 3000, 1, 1)
2026-05-03 20:57:22 [INFO ] (956, 3000, 1, 1)
2026-05-03 20:57:22 [INFO ] (1007, 3000, 1, 1)
2026-05-03 20:57:22 [INFO ] (965, 3000, 1, 1)
2026-05-03 20:57:22 [INFO ] (942, 3000, 1, 1)
2026-05-03 20:57:22 [INFO ] (916, 3000, 1, 1)
2026-05-03 20:57:22 [INFO ] (852, 3000, 1, 1)
2026-05-03 20:57:22 [INFO ] (864, 3000, 1, 1)
2026-05-03 20:57:22 [INFO ] (954, 3000, 1, 1)
2026-05-03 20:57:22 [INFO ] (892, 3000, 1, 1)
2026-05-03 20:57:22 [INFO ] (1014, 3000, 1, 1)
2026-05-03 20:57:22 [INFO ] (862, 3000, 1, 1)
2026-05-03 20:57:22 [INFO ] (956, 3000, 1, 1)
2026-05-03 20:57:22 [INFO ] (815, 3000, 1, 1)
2026-05-03 20:57:22 [INFO ] (893, 3000, 1, 1)
2026-05-03 20:57:22 [INFO ] (829, 3000, 1, 1)
2026-05-03 20:57:22 [INFO ] (872, 3000, 1, 1)
2026-05-03 20:57:22 [INFO ] (997, 3000, 1, 1)
2026-05-03 20:57:22 [INFO ] (897, 3000, 1, 1)
2026-05-03 20:57:22 [INFO ] (898, 3000, 1, 1)
2026-05-03 20:57:22 [INFO ] (805, 3000, 1, 1)
2026-05-03 20:57:22 [INFO ] (894, 3000, 1, 1)
2026-05-03 20:57:22 [INFO ] (880, 3000, 1, 1)
2026-05-03 20:57:22 [INFO ] (889, 3000, 1, 1)
2026-05-03 20:57:22 [INFO ] (882, 3000, 1, 1)
2026-05-03 20:57:22 [INFO ] (925, 3000, 1, 1)
2026-05-03 20:57:22 [INFO ] (963, 3000, 1, 1)
2026-05-03 20:57:22 [INFO ] (896, 3000, 1, 1)
2026-05-03 20:57:22 [INFO ] (964, 3000, 1, 1)
2026-05-03 20:57:22 [INFO ] (926, 3000, 1, 1)
2026-05-03 20:57:22 [INFO ] (1002, 3000, 1, 1)
2026-05-03 20:57:22 [INFO ] (1036, 3000, 1, 1)
2026-05-03 20:57:22 [INFO ] (933, 3000, 1, 1)
2026-05-03 20:57:22 [INFO ] (990, 3000, 1, 1)
2026-05-03 20:57:22 [INFO ] (877, 3000, 1, 1)
2026-05-03 20:57:22 [INFO ] (870, 3000, 1, 1)
2026-05-03 20:57:22 [INFO ] (846, 3000, 1, 1)
2026-05-03 20:57:22 [INFO ] (865, 3000, 1, 1)
2026-05-03 20:57:22 [INFO ] (858, 3000, 1, 1)
2026-05-03 20:57:22 [INFO ] (912, 3000, 1, 1)
2026-05-03 20:57:22 [INFO ] (899, 3000, 1, 1)
2026-05-03 20:57:22 [INFO ] (835, 3000, 1, 1)
2026-05-03 20:57:22 [INFO ] (861, 3000, 1, 1)
2026-05-03 20:57:22 [INFO ] W: 16144
2026-05-03 20:57:22 [INFO ] N1: 9608
2026-05-03 20:57:22 [INFO ] N2: 23110
2026-05-03 20:57:22 [INFO ] N3: 14304
2026-05-03 20:57:22 [INFO ] REM: 9707
2026-05-03 20:57:22 [INFO ] Validation set (n_night_sleeps=9)
2026-05-03 20:57:22 [INFO ] (856, 3000, 1, 1)
2026-05-03 20:57:22 [INFO ] (920, 3000, 1, 1)
2026-05-03 20:57:22 [INFO ] (845, 3000, 1, 1)
2026-05-03 20:57:22 [INFO ] (911, 3000, 1, 1)
2026-05-03 20:57:22 [INFO ] (997, 3000, 1, 1)
2026-05-03 20:57:22 [INFO ] (806, 3000, 1, 1)
2026-05-03 20:57:22 [INFO ] (905, 3000, 1, 1)
2026-05-03 20:57:22 [INFO ] (850, 3000, 1, 1)
2026-05-03 20:57:22 [INFO ] (1054, 3000, 1, 1)
2026-05-03 20:57:22 [INFO ] W: 2323
2026-05-03 20:57:22 [INFO ] N1: 803
2026-05-03 20:57:22 [INFO ] N2: 2506
2026-05-03 20:57:22 [INFO ] N3: 1435
2026-05-03 20:57:22 [INFO ] REM: 1077
2026-05-03 20:57:22 [INFO ] Test set (n_night_sleeps=10)
2026-05-03 20:57:22 [INFO ] (880, 3000, 1, 1)
2026-05-03 20:57:22 [INFO ] (964, 3000, 1, 1)
2026-05-03 20:57:22 [INFO ] (943, 3000, 1, 1)
2026-05-03 20:57:22 [INFO ] (963, 3000, 1, 1)
2026-05-03 20:57:22 [INFO ] (875, 3000, 1, 1)
2026-05-03 20:57:22 [INFO ] (897, 3000, 1, 1)
2026-05-03 20:57:22 [INFO ] (933, 3000, 1, 1)
2026-05-03 20:57:22 [INFO ] (904, 3000, 1, 1)
2026-05-03 20:57:22 [INFO ] (969, 3000, 1, 1)
2026-05-03 20:57:22 [INFO ] (842, 3000, 1, 1)
2026-05-03 20:57:22 [INFO ] W: 2512
2026-05-03 20:57:22 [INFO ] N1: 1102
2026-05-03 20:57:22 [INFO ] N2: 2671
2026-05-03 20:57:22 [INFO ] N3: 1741
2026-05-03 20:57:22 [INFO ] REM: 1144
2026-05-03 20:57:22 [INFO ]   Weighted cross entropy: True
2026-05-03 20:57:22 [INFO ]   Weighted cross entropy: [1.  1.5 1.  1.  1. ]
2026-05-03 20:57:22 [INFO ] using device 0
2026-05-03 20:57:24 [INFO ] Data Augmentation
2026-05-03 20:57:24 [INFO ]   Sequence: True
2026-05-03 20:57:24 [INFO ]   Signal full: True
2026-05-03 20:57:31 [INFO ] [e1/200 s302] TR (n=72638) l=1.7393 a=35.6 f1=30.9 (5.6s)| VA (n=8144) l=1.0120 a=66.0, f1=60.3 (0.3s) | TE (n=9170) l=1.1396 a=60.0, f1=55.4 (0.3s)
2026-05-03 20:57:31 [INFO ] Saved best checkpoint to out_isruc_gru/train/0/best_ckpt/best_model.ckpt
2026-05-03 20:57:37 [INFO ] [e2/200 s606] TR (n=72609) l=1.4595 a=50.5 f1=44.8 (5.0s)| VA (n=8144) l=1.5913 a=42.0, f1=29.8 (0.3s) | TE (n=9170) l=1.6033 a=38.8, f1=29.3 (0.3s)
2026-05-03 20:57:43 [INFO ] [e3/200 s913] TR (n=72642) l=1.3550 a=53.7 f1=48.2 (5.1s)| VA (n=8144) l=1.9739 a=39.4, f1=28.5 (0.3s) | TE (n=9170) l=2.1533 a=34.1, f1=21.1 (0.3s)
2026-05-03 20:57:50 [INFO ] [e4/200 s1216] TR (n=72652) l=1.2668 a=58.1 f1=53.7 (5.1s)| VA (n=8144) l=1.3289 a=52.0, f1=43.8 (0.3s) | TE (n=9170) l=1.4332 a=47.2, f1=40.2 (0.3s)
2026-05-03 20:57:56 [INFO ] [e5/200 s1523] TR (n=72624) l=1.2717 a=58.7 f1=54.7 (5.1s)| VA (n=8144) l=1.6020 a=44.2, f1=38.9 (0.3s) | TE (n=9170) l=1.6889 a=42.7, f1=36.6 (0.3s)
2026-05-03 20:58:02 [INFO ] [e6/200 s1829] TR (n=72637) l=1.1891 a=60.9 f1=57.3 (5.1s)| VA (n=8144) l=1.6797 a=42.5, f1=38.0 (0.3s) | TE (n=9170) l=1.5882 a=41.3, f1=38.3 (0.3s)
2026-05-03 20:58:08 [INFO ] [e7/200 s2131] TR (n=72652) l=1.1393 a=62.6 f1=59.6 (5.1s)| VA (n=8144) l=0.7542 a=73.6, f1=70.0 (0.3s) | TE (n=9170) l=0.8407 a=69.3, f1=65.3 (0.3s)
2026-05-03 20:58:08 [INFO ] Saved best checkpoint to out_isruc_gru/train/0/best_ckpt/best_model.ckpt
2026-05-03 20:58:14 [INFO ] [e8/200 s2437] TR (n=72634) l=1.1235 a=64.2 f1=61.6 (4.8s)| VA (n=8144) l=1.2233 a=61.0, f1=59.4 (0.3s) | TE (n=9170) l=1.0226 a=62.7, f1=62.2 (0.3s)
2026-05-03 20:58:20 [INFO ] [e9/200 s2739] TR (n=72623) l=1.0909 a=66.0 f1=63.3 (4.8s)| VA (n=8144) l=1.5719 a=57.2, f1=48.5 (0.3s) | TE (n=9170) l=1.7653 a=50.5, f1=40.9 (0.3s)
2026-05-03 20:58:27 [INFO ] [e10/200 s3044] TR (n=72646) l=1.0617 a=66.2 f1=63.5 (5.1s)| VA (n=8144) l=1.4818 a=54.9, f1=50.3 (0.3s) | TE (n=9170) l=1.2929 a=53.5, f1=50.3 (0.3s)
2026-05-03 20:58:33 [INFO ] [e11/200 s3350] TR (n=72618) l=1.0272 a=66.5 f1=63.8 (5.2s)| VA (n=8144) l=1.0873 a=61.0, f1=55.3 (0.3s) | TE (n=9170) l=1.3584 a=53.7, f1=49.1 (0.3s)
2026-05-03 20:58:39 [INFO ] [e12/200 s3654] TR (n=72610) l=1.0631 a=67.9 f1=65.4 (5.2s)| VA (n=8144) l=0.7126 a=75.2, f1=72.5 (0.3s) | TE (n=9170) l=0.7788 a=71.4, f1=68.5 (0.3s)
2026-05-03 20:58:39 [INFO ] Saved best checkpoint to out_isruc_gru/train/0/best_ckpt/best_model.ckpt
2026-05-03 20:58:45 [INFO ] [e13/200 s3958] TR (n=72619) l=1.0078 a=68.1 f1=65.5 (5.1s)| VA (n=8144) l=0.8614 a=72.5, f1=68.0 (0.3s) | TE (n=9170) l=0.8641 a=70.2, f1=66.2 (0.3s)
2026-05-03 20:58:52 [INFO ] [e14/200 s4260] TR (n=72621) l=1.0174 a=68.1 f1=65.7 (5.1s)| VA (n=8144) l=1.7636 a=43.5, f1=44.3 (0.3s) | TE (n=9170) l=1.7906 a=42.3, f1=41.8 (0.3s)
2026-05-03 20:58:58 [INFO ] [e15/200 s4567] TR (n=72643) l=1.0191 a=68.8 f1=66.7 (5.2s)| VA (n=8144) l=0.9489 a=66.0, f1=62.9 (0.3s) | TE (n=9170) l=1.0771 a=61.4, f1=58.9 (0.3s)
2026-05-03 20:59:05 [INFO ] [e16/200 s4873] TR (n=72648) l=0.9504 a=70.1 f1=67.9 (5.3s)| VA (n=8144) l=1.0936 a=60.5, f1=55.9 (0.3s) | TE (n=9170) l=1.4590 a=50.4, f1=46.1 (0.3s)
2026-05-03 20:59:11 [INFO ] [e17/200 s5177] TR (n=72627) l=0.9648 a=70.5 f1=68.2 (5.2s)| VA (n=8144) l=0.7673 a=74.5, f1=72.1 (0.3s) | TE (n=9170) l=0.9674 a=67.0, f1=64.2 (0.3s)
2026-05-03 20:59:17 [INFO ] [e18/200 s5483] TR (n=72638) l=0.9362 a=71.6 f1=69.5 (5.3s)| VA (n=8144) l=0.9441 a=65.6, f1=63.7 (0.3s) | TE (n=9170) l=1.2245 a=57.8, f1=53.9 (0.3s)
2026-05-03 20:59:24 [INFO ] [e19/200 s5790] TR (n=72616) l=0.9580 a=71.3 f1=69.1 (5.3s)| VA (n=8144) l=0.7692 a=72.1, f1=69.6 (0.3s) | TE (n=9170) l=0.9886 a=64.5, f1=61.8 (0.3s)
2026-05-03 20:59:30 [INFO ] [e20/200 s6096] TR (n=72624) l=0.9275 a=71.5 f1=69.3 (5.3s)| VA (n=8144) l=0.7516 a=74.8, f1=70.6 (0.3s) | TE (n=9170) l=0.8413 a=69.6, f1=66.2 (0.3s)
2026-05-03 20:59:37 [INFO ] [e21/200 s6400] TR (n=72624) l=0.9139 a=72.2 f1=70.1 (5.1s)| VA (n=8144) l=0.7820 a=74.7, f1=71.4 (0.3s) | TE (n=9170) l=0.9047 a=68.6, f1=66.7 (0.3s)
2026-05-03 20:59:43 [INFO ] [e22/200 s6706] TR (n=72641) l=0.9035 a=72.2 f1=70.1 (5.2s)| VA (n=8144) l=0.5943 a=79.6, f1=76.5 (0.3s) | TE (n=9170) l=0.6813 a=75.3, f1=72.6 (0.3s)
2026-05-03 20:59:43 [INFO ] Saved best checkpoint to out_isruc_gru/train/0/best_ckpt/best_model.ckpt
2026-05-03 20:59:50 [INFO ] [e23/200 s7012] TR (n=72640) l=0.8895 a=72.3 f1=70.4 (5.3s)| VA (n=8144) l=0.6532 a=79.1, f1=73.7 (0.3s) | TE (n=9170) l=0.7461 a=75.5, f1=70.3 (0.3s)
2026-05-03 20:59:56 [INFO ] [e24/200 s7315] TR (n=72653) l=0.9037 a=72.5 f1=70.1 (5.2s)| VA (n=8144) l=0.8845 a=69.0, f1=66.6 (0.3s) | TE (n=9170) l=1.1353 a=59.8, f1=58.1 (0.3s)
2026-05-03 21:00:02 [INFO ] [e25/200 s7621] TR (n=72636) l=0.8647 a=73.0 f1=71.0 (5.3s)| VA (n=8144) l=0.7584 a=74.2, f1=71.3 (0.3s) | TE (n=9170) l=1.0543 a=65.2, f1=61.8 (0.3s)
2026-05-03 21:00:09 [INFO ] [e26/200 s7924] TR (n=72627) l=0.8605 a=73.3 f1=71.2 (5.2s)| VA (n=8144) l=0.8705 a=68.9, f1=66.5 (0.3s) | TE (n=9170) l=1.3232 a=54.8, f1=52.5 (0.3s)
2026-05-03 21:00:15 [INFO ] [e27/200 s8229] TR (n=72630) l=0.8497 a=73.9 f1=71.9 (5.2s)| VA (n=8144) l=0.5921 a=79.2, f1=75.8 (0.3s) | TE (n=9170) l=0.7449 a=73.7, f1=70.5 (0.3s)
2026-05-03 21:00:22 [INFO ] [e28/200 s8531] TR (n=72631) l=0.8508 a=73.3 f1=71.1 (5.2s)| VA (n=8144) l=0.6650 a=76.2, f1=73.2 (0.3s) | TE (n=9170) l=0.9392 a=68.5, f1=66.9 (0.3s)
2026-05-03 21:00:28 [INFO ] [e29/200 s8838] TR (n=72646) l=0.8351 a=74.6 f1=72.8 (5.3s)| VA (n=8144) l=1.0205 a=66.8, f1=62.3 (0.3s) | TE (n=9170) l=1.5028 a=57.4, f1=54.0 (0.3s)
2026-05-03 21:00:34 [INFO ] [e30/200 s9143] TR (n=72628) l=0.8281 a=74.2 f1=72.3 (5.2s)| VA (n=8144) l=0.6344 a=78.5, f1=75.5 (0.3s) | TE (n=9170) l=0.7417 a=72.7, f1=70.3 (0.3s)
2026-05-03 21:00:41 [INFO ] [e31/200 s9449] TR (n=72650) l=0.8228 a=74.7 f1=72.8 (5.3s)| VA (n=8144) l=0.7514 a=74.2, f1=71.8 (0.3s) | TE (n=9170) l=1.1228 a=60.9, f1=59.7 (0.3s)
2026-05-03 21:00:47 [INFO ] [e32/200 s9754] TR (n=72619) l=0.8386 a=74.7 f1=72.8 (5.2s)| VA (n=8144) l=0.6394 a=79.2, f1=74.8 (0.3s) | TE (n=9170) l=0.6802 a=76.3, f1=72.5 (0.3s)
2026-05-03 21:00:53 [INFO ] [e33/200 s10059] TR (n=72639) l=0.8035 a=75.7 f1=73.8 (5.2s)| VA (n=8144) l=1.0113 a=62.8, f1=60.4 (0.3s) | TE (n=9170) l=1.4931 a=54.2, f1=49.0 (0.3s)
2026-05-03 21:01:00 [INFO ] [e34/200 s10363] TR (n=72625) l=0.8150 a=75.5 f1=73.5 (5.2s)| VA (n=8144) l=0.6000 a=78.3, f1=75.5 (0.3s) | TE (n=9170) l=0.7865 a=72.6, f1=71.5 (0.3s)
2026-05-03 21:01:06 [INFO ] [e35/200 s10665] TR (n=72636) l=0.8161 a=75.7 f1=73.7 (5.2s)| VA (n=8144) l=0.6246 a=77.5, f1=73.9 (0.3s) | TE (n=9170) l=0.6295 a=77.5, f1=74.6 (0.3s)
2026-05-03 21:01:12 [INFO ] [e36/200 s10968] TR (n=72644) l=0.8020 a=75.7 f1=73.9 (5.2s)| VA (n=8144) l=1.0410 a=65.8, f1=60.1 (0.3s) | TE (n=9170) l=1.1752 a=62.4, f1=60.8 (0.3s)
2026-05-03 21:01:19 [INFO ] [e37/200 s11268] TR (n=72645) l=0.7854 a=76.1 f1=74.3 (5.2s)| VA (n=8144) l=0.7668 a=74.3, f1=72.3 (0.3s) | TE (n=9170) l=1.0465 a=64.1, f1=63.1 (0.3s)
2026-05-03 21:01:25 [INFO ] [e38/200 s11573] TR (n=72626) l=0.7753 a=76.1 f1=74.5 (5.3s)| VA (n=8144) l=0.7461 a=76.2, f1=71.7 (0.3s) | TE (n=9170) l=0.8197 a=71.7, f1=68.8 (0.3s)
2026-05-03 21:01:31 [INFO ] [e39/200 s11877] TR (n=72622) l=0.7601 a=76.5 f1=74.7 (5.2s)| VA (n=8144) l=0.5975 a=79.9, f1=77.4 (0.3s) | TE (n=9170) l=0.7338 a=72.8, f1=70.8 (0.3s)
2026-05-03 21:01:31 [INFO ] Saved best checkpoint to out_isruc_gru/train/0/best_ckpt/best_model.ckpt
2026-05-03 21:01:38 [INFO ] [e40/200 s12179] TR (n=72633) l=0.7752 a=76.2 f1=74.5 (5.2s)| VA (n=8144) l=0.5353 a=81.6, f1=79.0 (0.3s) | TE (n=9170) l=0.7612 a=71.9, f1=70.2 (0.3s)
2026-05-03 21:01:38 [INFO ] Saved best checkpoint to out_isruc_gru/train/0/best_ckpt/best_model.ckpt
2026-05-03 21:01:44 [INFO ] [e41/200 s12484] TR (n=72620) l=0.8060 a=76.3 f1=74.6 (5.3s)| VA (n=8144) l=0.5468 a=80.1, f1=77.8 (0.3s) | TE (n=9170) l=0.6847 a=74.0, f1=72.1 (0.3s)
2026-05-03 21:01:51 [INFO ] [e42/200 s12791] TR (n=72599) l=0.7618 a=77.0 f1=75.3 (5.3s)| VA (n=8144) l=0.6112 a=78.7, f1=76.1 (0.3s) | TE (n=9170) l=0.9408 a=69.5, f1=68.2 (0.3s)
2026-05-03 21:01:57 [INFO ] [e43/200 s13098] TR (n=72617) l=0.7879 a=76.4 f1=74.6 (5.3s)| VA (n=8144) l=0.6137 a=78.4, f1=75.5 (0.3s) | TE (n=9170) l=0.7275 a=73.6, f1=71.7 (0.3s)
2026-05-03 21:02:04 [INFO ] [e44/200 s13400] TR (n=72625) l=0.7886 a=76.3 f1=74.6 (5.2s)| VA (n=8144) l=0.7646 a=74.6, f1=71.8 (0.3s) | TE (n=9170) l=0.8302 a=71.8, f1=71.0 (0.3s)
2026-05-03 21:02:10 [INFO ] [e45/200 s13699] TR (n=72628) l=0.7725 a=77.5 f1=75.8 (5.3s)| VA (n=8144) l=0.5187 a=82.1, f1=78.8 (0.3s) | TE (n=9170) l=0.6413 a=77.6, f1=75.5 (0.3s)
2026-05-03 21:02:17 [INFO ] [e46/200 s14000] TR (n=72634) l=0.7388 a=77.7 f1=76.0 (5.3s)| VA (n=8144) l=0.5476 a=81.2, f1=78.8 (0.3s) | TE (n=9170) l=0.7052 a=73.4, f1=71.7 (0.3s)
2026-05-03 21:02:23 [INFO ] [e47/200 s14307] TR (n=72639) l=0.7445 a=77.2 f1=75.6 (5.2s)| VA (n=8144) l=0.7294 a=74.0, f1=70.8 (0.3s) | TE (n=9170) l=1.0351 a=64.5, f1=62.0 (0.3s)
2026-05-03 21:02:29 [INFO ] [e48/200 s14612] TR (n=72628) l=0.7560 a=77.0 f1=75.2 (5.3s)| VA (n=8144) l=0.6558 a=77.2, f1=73.7 (0.3s) | TE (n=9170) l=0.9753 a=67.0, f1=64.1 (0.3s)
2026-05-03 21:02:35 [INFO ] [e49/200 s14915] TR (n=72628) l=0.7525 a=77.0 f1=75.3 (5.2s)| VA (n=8144) l=0.5911 a=81.6, f1=76.9 (0.3s) | TE (n=9170) l=0.6734 a=77.3, f1=73.6 (0.3s)
2026-05-03 21:02:42 [INFO ] [e50/200 s15219] TR (n=72631) l=0.7351 a=77.6 f1=75.8 (5.3s)| VA (n=8144) l=0.5020 a=83.2, f1=80.4 (0.3s) | TE (n=9170) l=0.6586 a=75.9, f1=73.8 (0.3s)
2026-05-03 21:02:42 [INFO ] Saved best checkpoint to out_isruc_gru/train/0/best_ckpt/best_model.ckpt
2026-05-03 21:02:42 [INFO ] >> Confusion Matrix
2026-05-03 21:02:42 [INFO ] [[1926  396   65    0  125]
 [ 122  666  213    8   93]
 [  16  126 2219  126  184]
 [   2    1  446 1290    2]
 [  19  127  136    0  862]]
2026-05-03 21:02:48 [INFO ] [e51/200 s15524] TR (n=72644) l=0.7427 a=77.8 f1=76.2 (5.3s)| VA (n=8144) l=0.8074 a=73.6, f1=71.0 (0.3s) | TE (n=9170) l=0.9162 a=67.5, f1=65.8 (0.3s)
2026-05-03 21:02:55 [INFO ] [e52/200 s15832] TR (n=72631) l=0.7094 a=78.1 f1=76.5 (5.3s)| VA (n=8144) l=0.7429 a=74.8, f1=71.2 (0.3s) | TE (n=9170) l=1.1557 a=62.9, f1=60.4 (0.3s)
2026-05-03 21:03:01 [INFO ] [e53/200 s16135] TR (n=72624) l=0.7331 a=78.1 f1=76.6 (5.2s)| VA (n=8144) l=0.6245 a=78.8, f1=74.8 (0.3s) | TE (n=9170) l=0.9400 a=68.2, f1=65.0 (0.3s)
2026-05-03 21:03:08 [INFO ] [e54/200 s16442] TR (n=72641) l=0.7052 a=78.0 f1=76.4 (5.3s)| VA (n=8144) l=0.6799 a=76.6, f1=73.3 (0.3s) | TE (n=9170) l=0.9937 a=65.5, f1=63.2 (0.3s)
2026-05-03 21:03:14 [INFO ] [e55/200 s16745] TR (n=72620) l=0.7626 a=77.0 f1=75.5 (5.3s)| VA (n=8144) l=0.5555 a=81.5, f1=78.5 (0.3s) | TE (n=9170) l=0.8129 a=71.0, f1=69.3 (0.3s)
2026-05-03 21:03:21 [INFO ] [e56/200 s17052] TR (n=72637) l=0.7398 a=77.5 f1=75.8 (5.3s)| VA (n=8144) l=0.5571 a=80.6, f1=77.3 (0.3s) | TE (n=9170) l=0.7507 a=72.9, f1=70.5 (0.3s)
2026-05-03 21:03:27 [INFO ] [e57/200 s17357] TR (n=72621) l=0.6915 a=78.8 f1=77.3 (5.3s)| VA (n=8144) l=0.6635 a=77.6, f1=74.6 (0.3s) | TE (n=9170) l=1.1046 a=67.2, f1=65.3 (0.3s)
2026-05-03 21:03:33 [INFO ] [e58/200 s17658] TR (n=72619) l=0.7154 a=78.4 f1=76.9 (5.2s)| VA (n=8144) l=0.5585 a=79.4, f1=76.8 (0.3s) | TE (n=9170) l=0.8422 a=69.0, f1=67.4 (0.3s)
2026-05-03 21:03:40 [INFO ] [e59/200 s17961] TR (n=72645) l=0.7069 a=78.4 f1=76.8 (5.2s)| VA (n=8144) l=0.5706 a=79.8, f1=76.6 (0.3s) | TE (n=9170) l=1.0030 a=67.4, f1=66.0 (0.3s)
2026-05-03 21:03:46 [INFO ] [e60/200 s18266] TR (n=72655) l=0.7114 a=78.5 f1=76.9 (5.3s)| VA (n=8144) l=0.5109 a=82.8, f1=79.8 (0.3s) | TE (n=9170) l=0.7621 a=72.4, f1=70.1 (0.3s)
2026-05-03 21:03:52 [INFO ] [e61/200 s18572] TR (n=72620) l=0.6933 a=78.5 f1=76.9 (5.3s)| VA (n=8144) l=0.6472 a=78.1, f1=75.0 (0.3s) | TE (n=9170) l=0.6283 a=77.1, f1=74.3 (0.3s)
2026-05-03 21:03:59 [INFO ] [e62/200 s18877] TR (n=72625) l=0.6766 a=78.8 f1=77.4 (5.2s)| VA (n=8144) l=0.5035 a=83.1, f1=80.5 (0.3s) | TE (n=9170) l=0.7538 a=72.5, f1=70.6 (0.3s)
2026-05-03 21:04:05 [INFO ] [e63/200 s19184] TR (n=72623) l=0.6871 a=78.6 f1=77.0 (5.4s)| VA (n=8144) l=0.5405 a=82.7, f1=79.3 (0.3s) | TE (n=9170) l=0.6753 a=77.0, f1=73.3 (0.3s)
2026-05-03 21:04:12 [INFO ] [e64/200 s19487] TR (n=72636) l=0.6917 a=78.6 f1=77.1 (5.2s)| VA (n=8144) l=0.5708 a=78.6, f1=76.1 (0.3s) | TE (n=9170) l=0.7225 a=72.2, f1=70.4 (0.3s)
2026-05-03 21:04:18 [INFO ] [e65/200 s19793] TR (n=72635) l=0.7107 a=78.7 f1=77.2 (5.3s)| VA (n=8144) l=0.6626 a=77.2, f1=74.7 (0.3s) | TE (n=9170) l=0.7445 a=71.7, f1=69.8 (0.3s)
2026-05-03 21:04:25 [INFO ] [e66/200 s20100] TR (n=72635) l=0.6855 a=78.8 f1=77.3 (5.3s)| VA (n=8144) l=0.5760 a=79.5, f1=77.6 (0.3s) | TE (n=9170) l=0.7484 a=72.4, f1=70.9 (0.3s)
2026-05-03 21:04:31 [INFO ] [e67/200 s20406] TR (n=72632) l=0.6830 a=78.8 f1=77.4 (5.2s)| VA (n=8144) l=0.5931 a=78.8, f1=75.4 (0.3s) | TE (n=9170) l=1.0182 a=66.8, f1=64.9 (0.3s)
2026-05-03 21:04:38 [INFO ] [e68/200 s20714] TR (n=72623) l=0.6924 a=78.2 f1=76.6 (5.4s)| VA (n=8144) l=0.5654 a=80.1, f1=77.5 (0.3s) | TE (n=9170) l=0.7408 a=72.3, f1=70.5 (0.3s)
2026-05-03 21:04:44 [INFO ] [e69/200 s21022] TR (n=72633) l=0.6793 a=79.1 f1=77.6 (5.4s)| VA (n=8144) l=0.5473 a=80.3, f1=78.0 (0.3s) | TE (n=9170) l=0.7799 a=71.9, f1=70.5 (0.3s)
2026-05-03 21:04:51 [INFO ] [e70/200 s21327] TR (n=72647) l=0.7097 a=78.5 f1=77.0 (5.4s)| VA (n=8144) l=0.6649 a=78.6, f1=75.6 (0.3s) | TE (n=9170) l=0.7102 a=75.3, f1=72.7 (0.3s)
2026-05-03 21:04:57 [INFO ] [e71/200 s21627] TR (n=72621) l=0.6815 a=78.8 f1=77.3 (5.2s)| VA (n=8144) l=0.6399 a=77.2, f1=75.4 (0.3s) | TE (n=9170) l=0.9528 a=66.8, f1=65.8 (0.3s)
2026-05-03 21:05:04 [INFO ] [e72/200 s21932] TR (n=72628) l=0.6782 a=79.1 f1=77.7 (5.4s)| VA (n=8144) l=0.7316 a=75.9, f1=72.0 (0.3s) | TE (n=9170) l=0.8271 a=71.6, f1=69.2 (0.3s)
2026-05-03 21:05:10 [INFO ] [e73/200 s22236] TR (n=72622) l=0.6549 a=79.6 f1=78.2 (5.3s)| VA (n=8144) l=0.5319 a=82.9, f1=80.1 (0.3s) | TE (n=9170) l=0.7296 a=73.6, f1=71.2 (0.3s)
2026-05-03 21:05:17 [INFO ] [e74/200 s22545] TR (n=72633) l=0.6961 a=78.6 f1=77.2 (5.4s)| VA (n=8144) l=0.7542 a=73.9, f1=70.2 (0.3s) | TE (n=9170) l=1.1673 a=61.5, f1=58.7 (0.3s)
2026-05-03 21:05:23 [INFO ] [e75/200 s22852] TR (n=72654) l=0.6835 a=78.8 f1=77.4 (5.3s)| VA (n=8144) l=0.5149 a=82.4, f1=80.0 (0.3s) | TE (n=9170) l=0.6647 a=74.1, f1=72.4 (0.3s)
2026-05-03 21:05:30 [INFO ] [e76/200 s23154] TR (n=72650) l=0.6564 a=78.9 f1=77.3 (5.3s)| VA (n=8144) l=0.5507 a=80.4, f1=77.7 (0.3s) | TE (n=9170) l=0.6178 a=76.4, f1=74.6 (0.3s)
2026-05-03 21:05:36 [INFO ] [e77/200 s23461] TR (n=72659) l=0.6541 a=79.6 f1=78.2 (5.4s)| VA (n=8144) l=0.4835 a=83.3, f1=80.2 (0.3s) | TE (n=9170) l=0.5988 a=79.4, f1=76.8 (0.3s)
2026-05-03 21:05:43 [INFO ] [e78/200 s23766] TR (n=72607) l=0.6727 a=79.2 f1=77.8 (5.3s)| VA (n=8144) l=0.6217 a=79.1, f1=75.6 (0.3s) | TE (n=9170) l=0.6831 a=74.9, f1=72.5 (0.3s)
2026-05-03 21:05:49 [INFO ] [e79/200 s24069] TR (n=72617) l=0.6548 a=79.8 f1=78.2 (5.2s)| VA (n=8144) l=0.5896 a=79.8, f1=77.0 (0.3s) | TE (n=9170) l=0.7765 a=73.1, f1=71.2 (0.3s)
2026-05-03 21:05:56 [INFO ] [e80/200 s24377] TR (n=72630) l=0.6781 a=79.7 f1=78.2 (5.3s)| VA (n=8144) l=0.6290 a=78.1, f1=75.5 (0.3s) | TE (n=9170) l=0.7351 a=73.0, f1=70.6 (0.3s)
2026-05-03 21:06:02 [INFO ] [e81/200 s24682] TR (n=72619) l=0.6727 a=79.2 f1=77.7 (5.3s)| VA (n=8144) l=0.5211 a=82.6, f1=79.6 (0.3s) | TE (n=9170) l=0.7026 a=74.8, f1=72.8 (0.3s)
2026-05-03 21:06:08 [INFO ] [e82/200 s24989] TR (n=72627) l=0.6447 a=79.9 f1=78.4 (5.3s)| VA (n=8144) l=0.5604 a=79.8, f1=77.7 (0.3s) | TE (n=9170) l=0.7822 a=72.2, f1=70.5 (0.3s)
2026-05-03 21:06:15 [INFO ] [e83/200 s25295] TR (n=72628) l=0.6785 a=79.7 f1=78.3 (5.3s)| VA (n=8144) l=0.6029 a=79.2, f1=76.8 (0.3s) | TE (n=9170) l=0.7235 a=73.0, f1=71.0 (0.3s)
2026-05-03 21:06:21 [INFO ] [e84/200 s25597] TR (n=72617) l=0.6651 a=79.4 f1=78.0 (5.2s)| VA (n=8144) l=0.5733 a=79.2, f1=76.9 (0.3s) | TE (n=9170) l=0.8032 a=71.2, f1=69.3 (0.3s)
2026-05-03 21:06:27 [INFO ] [e85/200 s25903] TR (n=72631) l=0.6615 a=79.8 f1=78.3 (5.3s)| VA (n=8144) l=0.6256 a=79.4, f1=75.9 (0.3s) | TE (n=9170) l=0.6001 a=79.0, f1=75.9 (0.3s)
2026-05-03 21:06:34 [INFO ] [e86/200 s26211] TR (n=72636) l=0.6598 a=79.7 f1=78.2 (5.3s)| VA (n=8144) l=0.6025 a=77.6, f1=75.8 (0.3s) | TE (n=9170) l=0.8833 a=68.1, f1=67.2 (0.3s)
2026-05-03 21:06:40 [INFO ] [e87/200 s26515] TR (n=72608) l=0.6878 a=79.4 f1=78.0 (5.3s)| VA (n=8144) l=0.5155 a=81.1, f1=78.7 (0.3s) | TE (n=9170) l=0.7030 a=74.1, f1=72.1 (0.3s)
2026-05-03 21:06:47 [INFO ] [e88/200 s26820] TR (n=72642) l=0.6538 a=79.8 f1=78.4 (5.3s)| VA (n=8144) l=0.5131 a=82.7, f1=80.2 (0.3s) | TE (n=9170) l=0.6328 a=78.4, f1=75.7 (0.3s)
2026-05-03 21:06:53 [INFO ] [e89/200 s27124] TR (n=72621) l=0.6506 a=79.7 f1=78.2 (5.3s)| VA (n=8144) l=0.6765 a=77.7, f1=75.5 (0.3s) | TE (n=9170) l=0.9183 a=69.3, f1=66.7 (0.3s)
2026-05-03 21:07:00 [INFO ] [e90/200 s27428] TR (n=72637) l=0.6468 a=80.1 f1=78.7 (5.2s)| VA (n=8144) l=0.5581 a=81.0, f1=78.2 (0.3s) | TE (n=9170) l=0.6379 a=76.8, f1=74.6 (0.3s)
2026-05-03 21:07:06 [INFO ] [e91/200 s27732] TR (n=72626) l=0.6546 a=80.0 f1=78.5 (5.3s)| VA (n=8144) l=0.6767 a=76.7, f1=73.6 (0.3s) | TE (n=9170) l=0.9352 a=70.3, f1=68.0 (0.3s)
2026-05-03 21:07:13 [INFO ] [e92/200 s28037] TR (n=72633) l=0.6572 a=80.0 f1=78.6 (5.3s)| VA (n=8144) l=0.5305 a=81.8, f1=79.1 (0.3s) | TE (n=9170) l=0.7229 a=74.5, f1=72.9 (0.3s)
2026-05-03 21:07:19 [INFO ] [e93/200 s28344] TR (n=72606) l=0.6516 a=80.3 f1=78.9 (5.3s)| VA (n=8144) l=0.8131 a=72.4, f1=70.1 (0.3s) | TE (n=9170) l=1.2737 a=59.4, f1=56.8 (0.3s)
2026-05-03 21:07:26 [INFO ] [e94/200 s28651] TR (n=72622) l=0.6153 a=80.5 f1=79.2 (5.3s)| VA (n=8144) l=0.6180 a=79.1, f1=74.9 (0.3s) | TE (n=9170) l=0.6724 a=76.3, f1=73.3 (0.3s)
2026-05-03 21:07:32 [INFO ] [e95/200 s28952] TR (n=72632) l=0.6437 a=80.4 f1=79.1 (5.2s)| VA (n=8144) l=0.5803 a=80.1, f1=77.5 (0.3s) | TE (n=9170) l=0.6794 a=75.9, f1=74.0 (0.3s)
2026-05-03 21:07:38 [INFO ] [e96/200 s29252] TR (n=72615) l=0.6585 a=80.0 f1=78.7 (5.2s)| VA (n=8144) l=0.5910 a=80.8, f1=78.0 (0.3s) | TE (n=9170) l=0.6699 a=76.0, f1=73.6 (0.3s)
2026-05-03 21:07:45 [INFO ] [e97/200 s29557] TR (n=72637) l=0.6229 a=80.2 f1=78.9 (5.3s)| VA (n=8144) l=0.5514 a=81.4, f1=78.9 (0.3s) | TE (n=9170) l=0.6758 a=75.7, f1=73.5 (0.3s)
2026-05-03 21:07:51 [INFO ] [e98/200 s29861] TR (n=72616) l=0.6325 a=79.9 f1=78.5 (5.3s)| VA (n=8144) l=0.6150 a=79.8, f1=75.9 (0.3s) | TE (n=9170) l=0.6731 a=76.1, f1=73.4 (0.3s)
2026-05-03 21:07:57 [INFO ] [e99/200 s30165] TR (n=72621) l=0.6294 a=80.2 f1=78.9 (5.3s)| VA (n=8144) l=0.5580 a=81.4, f1=79.4 (0.3s) | TE (n=9170) l=0.7309 a=73.3, f1=72.0 (0.3s)
2026-05-03 21:08:04 [INFO ] [e100/200 s30469] TR (n=72631) l=0.6161 a=80.4 f1=79.0 (5.3s)| VA (n=8144) l=0.5746 a=79.3, f1=76.9 (0.3s) | TE (n=9170) l=0.6873 a=75.2, f1=73.5 (0.3s)
2026-05-03 21:08:04 [INFO ] >> Confusion Matrix
2026-05-03 21:08:04 [INFO ] [[1777  596   68    5   66]
 [  41  668  252   15  126]
 [   9  120 1919  404  219]
 [   1    0  120 1591   29]
 [   1   89  116    1  937]]
2026-05-03 21:08:10 [INFO ] [e101/200 s30778] TR (n=72639) l=0.6483 a=80.0 f1=78.6 (5.4s)| VA (n=8144) l=0.6408 a=78.2, f1=74.4 (0.3s) | TE (n=9170) l=0.6433 a=75.9, f1=73.7 (0.3s)
2026-05-03 21:08:10 [INFO ] *** Early-stopping ***
